<html>
<body>
<pre>
<h1>µVision Build Log</h1>
<h2>Tool Versions:</h2>
IDE-Version: ¦ÌVision V5.36.0.0
Copyright (C) 2021 ARM Ltd and ARM Germany GmbH. All rights reserved.
License Information: dell dell, dell, LIC=X96CK-ZZEF5-56AQ2-9NYUE-RM73T-GM93G
 
Tool Versions:
Toolchain:       MDK-ARM Plus  Version: 5.36.0.0
Toolchain Path:  C:\Keil_v5\ARM\ARMCC\Bin
C Compiler:      Armcc.exe V5.06 update 7 (build 960)
Assembler:       Armasm.exe V5.06 update 7 (build 960)
Linker/Locator:  ArmLink.exe V5.06 update 7 (build 960)
Library Manager: ArmAr.exe V5.06 update 7 (build 960)
Hex Converter:   FromElf.exe V5.06 update 7 (build 960)
CPU DLL:         SARMCM3.DLL V5.36.0.0
Dialog DLL:      DCM.DLL V1.17.3.0
Target DLL:      Segger\JL2CM3.dll V2.99.40.0
Dialog DLL:      TCM.DLL V1.53.0.0
 
<h2>Project:</h2>
E:\02_HD\ISA_CM\ISA_CM_Embedded\Project.uvprojx
Project File Date:  04/25/2024

<h2>Output:</h2>
*** Using Compiler 'V5.06 update 7 (build 960)', folder: 'C:\Keil_v5\ARM\ARMCC\Bin'
Build target 'STM32F4XX'
compiling app_wifi.c...
.\User\bsp\bsp_uart.h(16): warning:  #47-D: incompatible redefinition of macro "log_info"  (declared at line 13 of ".\User\bsp\debug_uart.h")
  #define log_info(fmt,...)    printf(fmt,##__VA_ARGS__)
.\User\bsp\bsp_iadc.h(6): warning:  #1295-D: Deprecated declaration Get_Adc1 - give arg types
  unsigned short Get_Adc1() ;
.\User\bsp\bsp_iadc.h(7): warning:  #1295-D: Deprecated declaration get_pow_in_val - give arg types
  float get_pow_in_val();
.\User\bsp\bsp_iadc.h(10): warning:  #1295-D: Deprecated declaration Get_Adc2 - give arg types
  unsigned short Get_Adc2() ;
.\User\bsp\bsp_iadc.h(11): warning:  #1295-D: Deprecated declaration get_pow_out_val - give arg types
  float get_pow_out_val();
User\app_wifi.c(72): warning:  #177-D: variable "retry_count"  was declared but never referenced
  	uint8_t retry_count = 3;
User\app_wifi.c(74): warning:  #177-D: variable "ret"  was declared but never referenced
  	char *ret;
User\app_wifi.c(449): warning:  #177-D: variable "Tx_buf"  was declared but never referenced
  	char Tx_buf[256] = {0};
User\app_wifi.c(792): warning:  #128-D: loop is not reachable
  	while(1)rt_thread_mdelay(350);
User\app_wifi.c(794): warning:  #111-D: statement is unreachable
  	memset(tx_buf_array,0,sizeof(tx_buf_array));
User\app_wifi.c(738): warning:  #177-D: variable "retry_count"  was declared but never referenced
  	uint8_t retry_count = 3;
User\app_wifi.c(740): warning:  #177-D: variable "ret"  was declared but never referenced
  	char *ret;
User\app_wifi.c(741): warning:  #177-D: variable "tx_buf"  was declared but never referenced
  	char *tx_buf=NULL;
User\app_wifi.c: 13 warnings, 0 errors
linking...
Program Size: Code=27384 RO-data=1744 RW-data=496 ZI-data=27160  
FromELF: creating hex file...
".\Output\STM32F4_DEMO.axf" - 0 Error(s), 13 Warning(s).

<h2>Software Packages used:</h2>

Package Vendor: Keil
                http://www.keil.com/pack/Keil.STM32F4xx_DFP.2.16.0.pack
                Keil.STM32F4xx_DFP.2.16.0
                STMicroelectronics STM32F4 Series Device Support, Drivers and Examples

<h2>Collection of Component include folders:</h2>
  C:\Keil_v5\Packs\Keil\STM32F4xx_DFP\2.16.0\Drivers\CMSIS\Device\ST\STM32F4xx\Include

<h2>Collection of Component Files used:</h2>
Build Time Elapsed:  00:00:01
</pre>
</body>
</html>
