Component: ARM Compiler 5.06 update 7 (build 960) Tool: armlink [4d3601]

==============================================================================

Section Cross References

    main.o(i.Init_Devices) refers to misc.o(i.NVIC_PriorityGroupConfig) for NVIC_PriorityGroupConfig
    main.o(i.Init_Devices) refers to sys.o(i.Init_SysTick) for Init_SysTick
    main.o(i.Init_Devices) refers to sys.o(i.get_rccclock_info) for get_rccclock_info
    main.o(i.Init_Devices) refers to bsp_gpio.o(i.GPIO_Configuration) for GPIO_Configuration
    main.o(i.Init_Devices) refers to bsp_uart.o(i.UART1_Configuration) for UART1_Configuration
    main.o(i.Init_Devices) refers to bsp_idac.o(i.Dac1_fixed_Init) for Dac1_fixed_Init
    main.o(i.main) refers to main.o(i.Init_Devices) for Init_Devices
    main.o(i.main) refers to thread_entry.o(i.scs_thread_init) for scs_thread_init
    main.o(i.main) refers to stm32f4xx_gpio.o(i.GPIO_ToggleBits) for GPIO_ToggleBits
    main.o(i.main) refers to stm32f4xx_gpio.o(i.GPIO_ResetBits) for GPIO_ResetBits
    main.o(i.main) refers to thread.o(i.rt_thread_mdelay) for rt_thread_mdelay
    main.o(i.main) refers to stm32f4xx_gpio.o(i.GPIO_SetBits) for GPIO_SetBits
    thread_entry.o(i.led_thread_entry) refers to bsp_iadc.o(i.Adc1_Init) for Adc1_Init
    thread_entry.o(i.led_thread_entry) refers to bsp_iadc.o(i.Adc2_Init) for Adc2_Init
    thread_entry.o(i.led_thread_entry) refers to stm32f4xx_gpio.o(i.GPIO_SetBits) for GPIO_SetBits
    thread_entry.o(i.led_thread_entry) refers to bsp_idac.o(i.Dac1_Set_fixed_Vol) for Dac1_Set_fixed_Vol
    thread_entry.o(i.led_thread_entry) refers to thread.o(i.rt_thread_mdelay) for rt_thread_mdelay
    thread_entry.o(i.led_thread_entry) refers to bsp_iadc.o(i.get_pow_out_val) for get_pow_out_val
    thread_entry.o(i.led_thread_entry) refers to f2d.o(.text) for __aeabi_f2d
    thread_entry.o(i.led_thread_entry) refers to dadd.o(.text) for __aeabi_dadd
    thread_entry.o(i.led_thread_entry) refers to bsp_iadc.o(i.get_pow_in_val) for get_pow_in_val
    thread_entry.o(i.led_thread_entry) refers to printfa.o(i.__0printf) for __2printf
    thread_entry.o(i.led_thread_entry) refers to stm32f4xx_gpio.o(i.GPIO_ResetBits) for GPIO_ResetBits
    thread_entry.o(i.oled_thread_entry) refers to thread.o(i.rt_thread_mdelay) for rt_thread_mdelay
    thread_entry.o(i.scs_thread_init) refers to thread.o(i.rt_thread_init) for rt_thread_init
    thread_entry.o(i.scs_thread_init) refers to thread.o(i.rt_thread_startup) for rt_thread_startup
    thread_entry.o(i.scs_thread_init) refers to thread_entry.o(.bss) for wifi_thread_stack
    thread_entry.o(i.scs_thread_init) refers to app_wifi.o(i.wifi_thread_entry) for wifi_thread_entry
    thread_entry.o(i.scs_thread_init) refers to app_key.o(i.key_thread_entry) for key_thread_entry
    thread_entry.o(i.scs_thread_init) refers to app_adc.o(i.adc_thread_entry) for adc_thread_entry
    thread_entry.o(i.scs_thread_init) refers to thread_entry.o(i.led_thread_entry) for led_thread_entry
    thread_entry.o(i.timeout1) refers to ipc.o(i.rt_sem_release) for rt_sem_release
    thread_entry.o(i.timeout1) refers to thread_entry.o(.bss) for oled_refresh_sem
    thread_entry.o(i.timer_static_sample) refers to timer.o(i.rt_timer_init) for rt_timer_init
    thread_entry.o(i.timer_static_sample) refers to timer.o(i.rt_timer_start) for rt_timer_start
    thread_entry.o(i.timer_static_sample) refers to thread_entry.o(i.timeout1) for timeout1
    thread_entry.o(i.timer_static_sample) refers to thread_entry.o(.bss) for timer1
    app_key.o(i.key_thread_entry) refers to ipc.o(i.rt_sem_init) for rt_sem_init
    app_key.o(i.key_thread_entry) refers to bsp_gpio.o(i.key_Init) for key_Init
    app_key.o(i.key_thread_entry) refers to ipc.o(i.rt_sem_control) for rt_sem_control
    app_key.o(i.key_thread_entry) refers to ipc.o(i.rt_sem_take) for rt_sem_take
    app_key.o(i.key_thread_entry) refers to thread.o(i.rt_thread_mdelay) for rt_thread_mdelay
    app_key.o(i.key_thread_entry) refers to stm32f4xx_gpio.o(i.GPIO_ReadInputDataBit) for GPIO_ReadInputDataBit
    app_key.o(i.key_thread_entry) refers to printfa.o(i.__0printf) for __2printf
    app_key.o(i.key_thread_entry) refers to app_key.o(.bss) for key_sem
    app_codec.o(i.codec_thread_entry) refers to thread.o(i.rt_thread_mdelay) for rt_thread_mdelay
    app_temp.o(i.board_temp_thread_entry) refers to thread.o(i.rt_thread_mdelay) for rt_thread_mdelay
    app_adc.o(i.adc_thread_entry) refers to thread.o(i.rt_thread_mdelay) for rt_thread_mdelay
    app_led.o(i.PID1_Cal) refers to app_led.o(.bss) for PID1
    app_led.o(i.PID2_Cal) refers to app_led.o(.bss) for PID2
    app_led.o(i.PID_Parm_init) refers to app_led.o(.bss) for PID1
    app_led.o(i.mled_thread_entry) refers to thread.o(i.rt_thread_mdelay) for rt_thread_mdelay
    app_wifi.o(i.WIFI_ATE_Ctrl) refers to app_wifi.o(i.Wifi_SendAT) for Wifi_SendAT
    app_wifi.o(i.WIFI_ATE_Ctrl) refers to thread.o(i.rt_thread_mdelay) for rt_thread_mdelay
[...]
    .bss                                     0x2000372c   Section     4512  bsp_uart.o(.bss)
    .bss                                     0x200048cc   Section     4096  board.o(.bss)
    rt_heap                                  0x200048cc   Data        4096  board.o(.bss)
    .bss                                     0x200058cc   Section      392  idle.o(.bss)
    idle                                     0x200058cc   Data         136  idle.o(.bss)
    rt_thread_stack                          0x20005954   Data         256  idle.o(.bss)
    .bss                                     0x20005a54   Section      512  kservice.o(.bss)
    rt_log_buf                               0x20005a54   Data         512  kservice.o(.bss)
    .bss                                     0x20005c54   Section       40  mem.o(.bss)
    heap_sem                                 0x20005c54   Data          40  mem.o(.bss)
    .bss                                     0x20005c7c   Section      256  scheduler.o(.bss)
    .bss                                     0x20005d7c   Section     2184  timer.o(.bss)
    timer_thread                             0x20005d7c   Data         136  timer.o(.bss)
    timer_thread_stack                       0x20005e04   Data        2048  timer.o(.bss)
    .bss                                     0x20006604   Section      513  shell.o(.bss)
    finsh_prompt                             0x20006604   Data         513  shell.o(.bss)
    STACK                                    0x20006808   Section     1024  startup_stm32f446xx.o(STACK)

    Global Symbols

    Symbol Name                              Value     Ov Type        Size  Object(Section)

    BuildAttributes$$THM_ISAv4$E$P$D$K$B$S$7EM$VFPi3$EXTD16$VFPS$VFMA$PE$A:L22UL41UL21$X:L11$S22US41US21$IEEE1$IW$USESV6$~STKCKD$USESV7$~SHL$OTIME$ROPI$EBA8$MICROLIB$REQ8$PRES8$EABIv2 0x00000000   Number         0  anon$$obj.o ABSOLUTE
    __ARM_use_no_argv                        0x00000000   Number         0  main.o ABSOLUTE
    _printf_a                                0x00000000   Number         0  stubs.o ABSOLUTE
    _printf_c                                0x00000000   Number         0  stubs.o ABSOLUTE
    _printf_charcount                        0x00000000   Number         0  stubs.o ABSOLUTE
    _printf_d                                0x00000000   Number         0  stubs.o ABSOLUTE
    _printf_e                                0x00000000   Number         0  stubs.o ABSOLUTE
    _printf_f                                0x00000000   Number         0  stubs.o ABSOLUTE
    _printf_flags                            0x00000000   Number         0  stubs.o ABSOLUTE
    _printf_fp_dec                           0x00000000   Number         0  stubs.o ABSOLUTE
    _printf_fp_hex                           0x00000000   Number         0  stubs.o ABSOLUTE
    _printf_g                                0x00000000   Number         0  stubs.o ABSOLUTE
    _printf_i                                0x00000000   Number         0  stubs.o ABSOLUTE
    _printf_int_dec                          0x00000000   Number         0  stubs.o ABSOLUTE
    _printf_l                                0x00000000   Number         0  stubs.o ABSOLUTE
    _printf_lc                               0x00000000   Number         0  stubs.o ABSOLUTE
    _printf_ll                               0x00000000   Number         0  stubs.o ABSOLUTE
    _printf_lld                              0x00000000   Number         0  stubs.o ABSOLUTE
    _printf_lli                              0x00000000   Number         0  stubs.o ABSOLUTE
    _printf_llo                              0x00000000   Number         0  stubs.o ABSOLUTE
    _printf_llu                              0x00000000   Number         0  stubs.o ABSOLUTE
    _printf_llx                              0x00000000   Number         0  stubs.o ABSOLUTE
    _printf_longlong_dec                     0x00000000   Number         0  stubs.o ABSOLUTE
    _printf_longlong_hex                     0x00000000   Number         0  stubs.o ABSOLUTE
    _printf_longlong_oct                     0x00000000   Number         0  stubs.o ABSOLUTE
    _printf_ls                               0x00000000   Number         0  stubs.o ABSOLUTE
    _printf_mbtowc                           0x00000000   Number         0  stubs.o ABSOLUTE
    _printf_n                                0x00000000   Number         0  stubs.o ABSOLUTE
    _printf_o                                0x00000000   Number         0  stubs.o ABSOLUTE
    _printf_p                                0x00000000   Number         0  stubs.o ABSOLUTE
    _printf_percent                          0x00000000   Number         0  stubs.o ABSOLUTE
    _printf_pre_padding                      0x00000000   Number         0  stubs.o ABSOLUTE
    _printf_return_value                     0x00000000   Number         0  stubs.o ABSOLUTE
    _printf_s                                0x00000000   Number         0  stubs.o ABSOLUTE
    _printf_sizespec                         0x00000000   Number         0  stubs.o ABSOLUTE
    _printf_str                              0x00000000   Number         0  stubs.o ABSOLUTE
    _printf_truncate_signed                  0x00000000   Number         0  stubs.o ABSOLUTE
    _printf_truncate_unsigned                0x00000000   Number         0  stubs.o ABSOLUTE
    _printf_u                                0x00000000   Number         0  stubs.o ABSOLUTE
    _printf_wc                               0x00000000   Number         0  stubs.o ABSOLUTE
    _printf_wctomb                           0x00000000   Number         0  stubs.o ABSOLUTE
    _printf_widthprec                        0x00000000   Number         0  stubs.o ABSOLUTE
    _printf_x                                0x00000000   Number         0  stubs.o ABSOLUTE
    __arm_fini_                               - Undefined Weak Reference
    __cpp_initialize__aeabi_                  - Undefined Weak Reference
    __cxa_finalize                            - Undefined Weak Reference
    _clock_init                               - Undefined Weak Reference
    _microlib_exit                            - Undefined Weak Reference
    __Vectors_Size                           0x000001c4   Number         0  startup_stm32f446xx.o ABSOLUTE
    __Vectors                                0x08000000   Data           4  startup_stm32f446xx.o(RESET)
    __Vectors_End                            0x080001c4   Data           0  startup_stm32f446xx.o(RESET)
    __main                                   0x080001c5   Thumb Code     0  entry.o(.ARM.Collect$$$$00000000)
    _main_stk                                0x080001c5   Thumb Code     0  entry2.o(.ARM.Collect$$$$00000001)
    _main_scatterload                        0x080001c9   Thumb Code     0  entry5.o(.ARM.Collect$$$$00000004)
    __main_after_scatterload                 0x080001cd   Thumb Code     0  entry5.o(.ARM.Collect$$$$00000004)
    _main_clock                              0x080001cd   Thumb Code     0  entry7b.o(.ARM.Collect$$$$00000008)
    _main_cpp_init                           0x080001cd   Thumb Code     0  entry8b.o(.ARM.Collect$$$$0000000A)
    _main_init                               0x080001cd   Thumb Code     0  entry9a.o(.ARM.Collect$$$$0000000B)
    __rt_lib_shutdown_fini                   0x080001d5   Thumb Code     0  entry12b.o(.ARM.Collect$$$$0000000E)
    __rt_final_cpp                           0x080001d9   Thumb Code     0  entry10a.o(.ARM.Collect$$$$0000000F)
    __rt_final_exit                          0x080001d9   Thumb Code     0  entry11a.o(.ARM.Collect$$$$00000011)
    Reset_Handler                            0x080001dd   Thumb Code     8  startup_stm32f446xx.o(.text)
    ADC_IRQHandler                           0x080001f7   Thumb Code     0  startup_stm32f446xx.o(.text)
    CAN1_RX0_IRQHandler                      0x080001f7   Thumb Code     0  startup_stm32f446xx.o(.text)
    CAN1_RX1_IRQHandler                      0x080001f7   Thumb Code     0  startup_stm32f446xx.o(.text)
    CAN1_SCE_IRQHandler                      0x080001f7   Thumb Code     0  startup_stm32f446xx.o(.text)
    CAN1_TX_IRQHandler                       0x080001f7   Thumb Code     0  startup_stm32f446xx.o(.text)
    CAN2_RX0_IRQHandler                      0x080001f7   Thumb Code     0  startup_stm32f446xx.o(.text)
    CAN2_RX1_IRQHandler                      0x080001f7   Thumb Code     0  startup_stm32f446xx.o(.text)
    CAN2_SCE_IRQHandler                      0x080001f7   Thumb Code     0  startup_stm32f446xx.o(.text)
    CAN2_TX_IRQHandler                       0x080001f7   Thumb Code     0  startup_stm32f446xx.o(.text)
    CEC_IRQHandler                           0x080001f7   Thumb Code     0  startup_stm32f446xx.o(.text)
    DCMI_IRQHandler                          0x080001f7   Thumb Code     0  startup_stm32f446xx.o(.text)
    DMA1_Stream0_IRQHandler                  0x080001f7   Thumb Code     0  startup_stm32f446xx.o(.text)
    DMA1_Stream1_IRQHandler                  0x080001f7   Thumb Code     0  startup_stm32f446xx.o(.text)
    DMA1_Stream2_IRQHandler                  0x080001f7   Thumb Code     0  startup_stm32f446xx.o(.text)
    DMA1_Stream3_IRQHandler                  0x080001f7   Thumb Code     0  startup_stm32f446xx.o(.text)
    DMA1_Stream4_IRQHandler                  0x080001f7   Thumb Code     0  startup_stm32f446xx.o(.text)
    DMA1_Stream5_IRQHandler                  0x080001f7   Thumb Code     0  startup_stm32f446xx.o(.text)
    DMA1_Stream6_IRQHandler                  0x080001f7   Thumb Code     0  startup_stm32f446xx.o(.text)
    DMA1_Stream7_IRQHandler                  0x080001f7   Thumb Code     0  startup_stm32f446xx.o(.text)
    DMA2_Stream0_IRQHandler                  0x080001f7   Thumb Code     0  startup_stm32f446xx.o(.text)
    DMA2_Stream1_IRQHandler                  0x080001f7   Thumb Code     0  startup_stm32f446xx.o(.text)
    DMA2_Stream2_IRQHandler                  0x080001f7   Thumb Code     0  startup_stm32f446xx.o(.text)
    DMA2_Stream3_IRQHandler                  0x080001f7   Thumb Code     0  startup_stm32f446xx.o(.text)
    DMA2_Stream4_IRQHandler                  0x080001f7   Thumb Code     0  startup_stm32f446xx.o(.text)
    DMA2_Stream5_IRQHandler                  0x080001f7   Thumb Code     0  startup_stm32f446xx.o(.text)
    DMA2_Stream6_IRQHandler                  0x080001f7   Thumb Code     0  startup_stm32f446xx.o(.text)
    DMA2_Stream7_IRQHandler                  0x080001f7   Thumb Code     0  startup_stm32f446xx.o(.text)
    EXTI0_IRQHandler                         0x080001f7   Thumb Code     0  startup_stm32f446xx.o(.text)
    EXTI15_10_IRQHandler                     0x080001f7   Thumb Code     0  startup_stm32f446xx.o(.text)
    EXTI1_IRQHandler                         0x080001f7   Thumb Code     0  startup_stm32f446xx.o(.text)
    EXTI3_IRQHandler                         0x080001f7   Thumb Code     0  startup_stm32f446xx.o(.text)
    EXTI4_IRQHandler                         0x080001f7   Thumb Code     0  startup_stm32f446xx.o(.text)
    FLASH_IRQHandler                         0x080001f7   Thumb Code     0  startup_stm32f446xx.o(.text)
    FMC_IRQHandler                           0x080001f7   Thumb Code     0  startup_stm32f446xx.o(.text)
    FMPI2C1_Error_IRQHandler                 0x080001f7   Thumb Code     0  startup_stm32f446xx.o(.text)
    FMPI2C1_Event_IRQHandler                 0x080001f7   Thumb Code     0  startup_stm32f446xx.o(.text)
    FPU_IRQHandler                           0x080001f7   Thumb Code     0  startup_stm32f446xx.o(.text)
    I2C1_ER_IRQHandler                       0x080001f7   Thumb Code     0  startup_stm32f446xx.o(.text)
    I2C1_EV_IRQHandler                       0x080001f7   Thumb Code     0  startup_stm32f446xx.o(.text)
    I2C2_ER_IRQHandler                       0x080001f7   Thumb Code     0  startup_stm32f446xx.o(.text)
    I2C2_EV_IRQHandler                       0x080001f7   Thumb Code     0  startup_stm32f446xx.o(.text)
    I2C3_ER_IRQHandler                       0x080001f7   Thumb Code     0  startup_stm32f446xx.o(.text)
    I2C3_EV_IRQHandler                       0x080001f7   Thumb Code     0  startup_stm32f446xx.o(.text)
    OTG_FS_IRQHandler                        0x080001f7   Thumb Code     0  startup_stm32f446xx.o(.text)
    OTG_FS_WKUP_IRQHandler                   0x080001f7   Thumb Code     0  startup_stm32f446xx.o(.text)
    OTG_HS_EP1_IN_IRQHandler                 0x080001f7   Thumb Code     0  startup_stm32f446xx.o(.text)
    OTG_HS_EP1_OUT_IRQHandler                0x080001f7   Thumb Code     0  startup_stm32f446xx.o(.text)
    OTG_HS_IRQHandler                        0x080001f7   Thumb Code     0  startup_stm32f446xx.o(.text)
    OTG_HS_WKUP_IRQHandler                   0x080001f7   Thumb Code     0  startup_stm32f446xx.o(.text)
    PVD_IRQHandler                           0x080001f7   Thumb Code     0  startup_stm32f446xx.o(.text)
    QuadSPI_IRQHandler                       0x080001f7   Thumb Code     0  startup_stm32f446xx.o(.text)
    RCC_IRQHandler                           0x080001f7   Thumb Code     0  startup_stm32f446xx.o(.text)
    RTC_Alarm_IRQHandler                     0x080001f7   Thumb Code     0  startup_stm32f446xx.o(.text)
    RTC_WKUP_IRQHandler                      0x080001f7   Thumb Code     0  startup_stm32f446xx.o(.text)
    SAI1_IRQHandler                          0x080001f7   Thumb Code     0  startup_stm32f446xx.o(.text)
    SAI2_IRQHandler                          0x080001f7   Thumb Code     0  startup_stm32f446xx.o(.text)
    SDIO_IRQHandler                          0x080001f7   Thumb Code     0  startup_stm32f446xx.o(.text)
    SPDIF_RX_IRQHandler                      0x080001f7   Thumb Code     0  startup_stm32f446xx.o(.text)
    SPI1_IRQHandler                          0x080001f7   Thumb Code     0  startup_stm32f446xx.o(.text)
    SPI2_IRQHandler                          0x080001f7   Thumb Code     0  startup_stm32f446xx.o(.text)
    SPI3_IRQHandler                          0x080001f7   Thumb Code     0  startup_stm32f446xx.o(.text)
    SPI4_IRQHandler                          0x080001f7   Thumb Code     0  startup_stm32f446xx.o(.text)
    TAMP_STAMP_IRQHandler                    0x080001f7   Thumb Code     0  startup_stm32f446xx.o(.text)
    TIM1_BRK_TIM9_IRQHandler                 0x080001f7   Thumb Code     0  startup_stm32f446xx.o(.text)
    TIM1_CC_IRQHandler                       0x080001f7   Thumb Code     0  startup_stm32f446xx.o(.text)
    TIM1_TRG_COM_TIM11_IRQHandler            0x080001f7   Thumb Code     0  startup_stm32f446xx.o(.text)
    TIM1_UP_TIM10_IRQHandler                 0x080001f7   Thumb Code     0  startup_stm32f446xx.o(.text)
    TIM2_IRQHandler                          0x080001f7   Thumb Code     0  startup_stm32f446xx.o(.text)
    TIM3_IRQHandler                          0x080001f7   Thumb Code     0  startup_stm32f446xx.o(.text)
    TIM4_IRQHandler                          0x080001f7   Thumb Code     0  startup_stm32f446xx.o(.text)
    TIM5_IRQHandler                          0x080001f7   Thumb Code     0  startup_stm32f446xx.o(.text)
    TIM7_IRQHandler                          0x080001f7   Thumb Code     0  startup_stm32f446xx.o(.text)
    TIM8_BRK_TIM12_IRQHandler                0x080001f7   Thumb Code     0  startup_stm32f446xx.o(.text)
    TIM8_CC_IRQHandler                       0x080001f7   Thumb Code     0  startup_stm32f446xx.o(.text)
    TIM8_TRG_COM_TIM14_IRQHandler            0x080001f7   Thumb Code     0  startup_stm32f446xx.o(.text)
    TIM8_UP_TIM13_IRQHandler                 0x080001f7   Thumb Code     0  startup_stm32f446xx.o(.text)
    UART4_IRQHandler                         0x080001f7   Thumb Code     0  startup_stm32f446xx.o(.text)
    UART5_IRQHandler                         0x080001f7   Thumb Code     0  startup_stm32f446xx.o(.text)
    USART2_IRQHandler                        0x080001f7   Thumb Code     0  startup_stm32f446xx.o(.text)
    USART3_IRQHandler                        0x080001f7   Thumb Code     0  startup_stm32f446xx.o(.text)
    WWDG_IRQHandler                          0x080001f7   Thumb Code     0  startup_stm32f446xx.o(.text)
    rt_hw_interrupt_disable                  0x08000201   Thumb Code     8  context_rvds.o(.text)
    rt_hw_interrupt_enable                   0x08000209   Thumb Code     6  context_rvds.o(.text)
    rt_hw_context_switch                     0x0800020f   Thumb Code    32  context_rvds.o(.text)
    rt_hw_context_switch_interrupt           0x0800020f   Thumb Code     0  context_rvds.o(.text)
    PendSV_Handler                           0x0800022f   Thumb Code   108  context_rvds.o(.text)
    rt_hw_context_switch_to                  0x0800029b   Thumb Code    70  context_rvds.o(.text)
    rt_hw_interrupt_thread_switch            0x080002e1   Thumb Code     2  context_rvds.o(.text)
    HardFault_Handler                        0x080002e3   Thumb Code    56  context_rvds.o(.text)
    __aeabi_memcpy                           0x08000335   Thumb Code    36  memcpya.o(.text)
    __aeabi_memcpy4                          0x08000335   Thumb Code     0  memcpya.o(.text)
    __aeabi_memcpy8                          0x08000335   Thumb Code     0  memcpya.o(.text)
    __aeabi_memset                           0x08000359   Thumb Code    14  memseta.o(.text)
    __aeabi_memset4                          0x08000359   Thumb Code     0  memseta.o(.text)
    __aeabi_memset8                          0x08000359   Thumb Code     0  memseta.o(.text)
    __aeabi_memclr                           0x08000367   Thumb Code     4  memseta.o(.text)
    __aeabi_memclr4                          0x08000367   Thumb Code     0  memseta.o(.text)
    __aeabi_memclr8                          0x08000367   Thumb Code     0  memseta.o(.text)
    _memset$wrapper                          0x0800036b   Thumb Code    18  memseta.o(.text)
    strcat                                   0x0800037d   Thumb Code    24  strcat.o(.text)
    strstr                                   0x08000395   Thumb Code    36  strstr.o(.text)
    strncpy                                  0x080003b9   Thumb Code    24  strncpy.o(.text)
    strlen                                   0x080003d1   Thumb Code    14  strlen.o(.text)
    strcpy                                   0x080003df   Thumb Code    18  strcpy.o(.text)
    strncmp                                  0x080003f1   Thumb Code    30  strncmp.o(.text)
    __aeabi_dadd                             0x0800040f   Thumb Code   322  dadd.o(.text)
    __aeabi_dsub                             0x08000551   Thumb Code     6  dadd.o(.text)
    __aeabi_drsub                            0x08000557   Thumb Code     6  dadd.o(.text)
    __aeabi_dmul                             0x0800055d   Thumb Code   228  dmul.o(.text)
    __aeabi_ddiv                             0x08000641   Thumb Code   222  ddiv.o(.text)
    __aeabi_ui2d                             0x0800071f   Thumb Code    26  dfltui.o(.text)
    __aeabi_f2d                              0x08000739   Thumb Code    38  f2d.o(.text)
    __aeabi_d2f                              0x0800075f   Thumb Code    56  d2f.o(.text)
    __aeabi_uidiv                            0x08000797   Thumb Code     0  uidiv.o(.text)
    __aeabi_uidivmod                         0x08000797   Thumb Code    44  uidiv.o(.text)
    __aeabi_uldivmod                         0x080007c3   Thumb Code    98  uldiv.o(.text)
    __aeabi_llsl                             0x08000825   Thumb Code    30  llshl.o(.text)
    _ll_shift_l                              0x08000825   Thumb Code     0  llshl.o(.text)
    __aeabi_llsr                             0x08000843   Thumb Code    32  llushr.o(.text)
    _ll_ushift_r                             0x08000843   Thumb Code     0  llushr.o(.text)
    __aeabi_lasr                             0x08000863   Thumb Code    36  llsshr.o(.text)
    _ll_sshift_r                             0x08000863   Thumb Code     0  llsshr.o(.text)
    __I$use$fp                               0x08000887   Thumb Code     0  iusefp.o(.text)
    _float_round                             0x08000887   Thumb Code    18  fepilogue.o(.text)
    _float_epilogue                          0x08000899   Thumb Code    92  fepilogue.o(.text)
    _double_round                            0x080008f5   Thumb Code    30  depilogue.o(.text)
    _double_epilogue                         0x08000913   Thumb Code   156  depilogue.o(.text)
    __aeabi_d2ulz                            0x080009af   Thumb Code    48  dfixul.o(.text)
    __aeabi_cdrcmple                         0x080009e1   Thumb Code    48  cdrcmple.o(.text)
    __scatterload                            0x08000a11   Thumb Code    28  init.o(.text)
    __scatterload_rt2                        0x08000a11   Thumb Code     0  init.o(.text)
    __decompress                             0x08000a35   Thumb Code     0  __dczerorl2.o(.text)
    __decompress1                            0x08000a35   Thumb Code    86  __dczerorl2.o(.text)
    main                                     0x08000a8b   Thumb Code    10  components.o(i.$Sub$$main)
    ADC_Cmd                                  0x08000a95   Thumb Code    22  stm32f4xx_adc.o(i.ADC_Cmd)
    ADC_CommonInit                           0x08000aad   Thumb Code    34  stm32f4xx_adc.o(i.ADC_CommonInit)
    ADC_GetConversionValue                   0x08000add   Thumb Code     8  stm32f4xx_adc.o(i.ADC_GetConversionValue)
    ADC_GetFlagStatus                        0x08000ae5   Thumb Code    18  stm32f4xx_adc.o(i.ADC_GetFlagStatus)
    ADC_Init                                 0x08000af9   Thumb Code    74  stm32f4xx_adc.o(i.ADC_Init)
    ADC_RegularChannelConfig                 0x08000b4d   Thumb Code   184  stm32f4xx_adc.o(i.ADC_RegularChannelConfig)
    ADC_SoftwareStartConv                    0x08000c05   Thumb Code    10  stm32f4xx_adc.o(i.ADC_SoftwareStartConv)
    ADC_StructInit                           0x08000c0f   Thumb Code    20  stm32f4xx_adc.o(i.ADC_StructInit)
    Adc1_Init                                0x08000c25   Thumb Code   146  bsp_iadc.o(i.Adc1_Init)
    Adc2_Init                                0x08000cc1   Thumb Code   146  bsp_iadc.o(i.Adc2_Init)
    BusFault_Handler                         0x08000d5d   Thumb Code     4  stm32f4xx_it.o(i.BusFault_Handler)
    DAC_Cmd                                  0x08000d61   Thumb Code    34  stm32f4xx_dac.o(i.DAC_Cmd)
    DAC_Init                                 0x08000d89   Thumb Code    46  stm32f4xx_dac.o(i.DAC_Init)
    DAC_SetChannel1Data                      0x08000dbd   Thumb Code    26  stm32f4xx_dac.o(i.DAC_SetChannel1Data)
    Dac1_Set_fixed_Vol                       0x08000ddd   Thumb Code    92  bsp_idac.o(i.Dac1_Set_fixed_Vol)
    Dac1_fixed_Init                          0x08000e4d   Thumb Code    80  bsp_idac.o(i.Dac1_fixed_Init)
    DebugMon_Handler                         0x08000ea1   Thumb Code     2  stm32f4xx_it.o(i.DebugMon_Handler)
    EXTI2_IRQHandler                         0x08000ea5   Thumb Code    24  bsp_codec.o(i.EXTI2_IRQHandler)
    EXTI9_5_IRQHandler                       0x08000ed1   Thumb Code    28  bsp_gpio.o(i.EXTI9_5_IRQHandler)
    EXTI_ClearITPendingBit                   0x08000ef1   Thumb Code     6  stm32f4xx_exti.o(i.EXTI_ClearITPendingBit)
    EXTI_GetITStatus                         0x08000efd   Thumb Code    20  stm32f4xx_exti.o(i.EXTI_GetITStatus)
    EXTI_Init                                0x08000f15   Thumb Code   142  stm32f4xx_exti.o(i.EXTI_Init)
    GPIO_Configuration                       0x08000fa9   Thumb Code   540  bsp_gpio.o(i.GPIO_Configuration)
    GPIO_Init                                0x080011d1   Thumb Code   144  stm32f4xx_gpio.o(i.GPIO_Init)
    GPIO_PinAFConfig                         0x08001261   Thumb Code    70  stm32f4xx_gpio.o(i.GPIO_PinAFConfig)
    GPIO_ReadInputDataBit                    0x080012a7   Thumb Code    18  stm32f4xx_gpio.o(i.GPIO_ReadInputDataBit)
    GPIO_ResetBits                           0x080012b9   Thumb Code     4  stm32f4xx_gpio.o(i.GPIO_ResetBits)
    GPIO_SetBits                             0x080012bd   Thumb Code     4  stm32f4xx_gpio.o(i.GPIO_SetBits)
    GPIO_ToggleBits                          0x080012c1   Thumb Code     8  stm32f4xx_gpio.o(i.GPIO_ToggleBits)
    Get_Adc1                                 0x080012c9   Thumb Code    30  bsp_iadc.o(i.Get_Adc1)
    Get_Adc2                                 0x080012ed   Thumb Code    30  bsp_iadc.o(i.Get_Adc2)
    Init_Devices                             0x08001311   Thumb Code    36  main.o(i.Init_Devices)
    Init_SysTick                             0x08001335   Thumb Code    66  sys.o(i.Init_SysTick)
    MemManage_Handler                        0x0800137d   Thumb Code     4  stm32f4xx_it.o(i.MemManage_Handler)
    NMI_Handler                              0x08001381   Thumb Code     2  stm32f4xx_it.o(i.NMI_Handler)
    NVIC_Init                                0x08001385   Thumb Code   106  misc.o(i.NVIC_Init)
    NVIC_PriorityGroupConfig                 0x080013fd   Thumb Code    10  misc.o(i.NVIC_PriorityGroupConfig)
    RCC_AHB1PeriphClockCmd                   0x08001439   Thumb Code    26  stm32f4xx_rcc.o(i.RCC_AHB1PeriphClockCmd)
    RCC_APB1PeriphClockCmd                   0x08001459   Thumb Code    26  stm32f4xx_rcc.o(i.RCC_APB1PeriphClockCmd)
    RCC_APB2PeriphClockCmd                   0x08001479   Thumb Code    26  stm32f4xx_rcc.o(i.RCC_APB2PeriphClockCmd)
    RCC_APB2PeriphResetCmd                   0x08001499   Thumb Code    26  stm32f4xx_rcc.o(i.RCC_APB2PeriphResetCmd)
    RCC_GetClocksFreq                        0x080014b9   Thumb Code   440  stm32f4xx_rcc.o(i.RCC_GetClocksFreq)
    SVC_Handler                              0x08001681   Thumb Code     2  stm32f4xx_it.o(i.SVC_Handler)
    SYSCFG_EXTILineConfig                    0x08001685   Thumb Code    60  stm32f4xx_syscfg.o(i.SYSCFG_EXTILineConfig)
    SysTick_Handler                          0x080017e5   Thumb Code     8  board.o(i.SysTick_Handler)
    SystemCoreClockUpdate                    0x080017ed   Thumb Code   264  system_stm32f4xx.o(i.SystemCoreClockUpdate)
    SystemInit                               0x08001909   Thumb Code    88  system_stm32f4xx.o(i.SystemInit)
    TIM6_DAC_IRQHandler                      0x08001971   Thumb Code    24  bsp_timer.o(i.TIM6_DAC_IRQHandler)
    UART1_Configuration                      0x0800198d   Thumb Code   210  bsp_uart.o(i.UART1_Configuration)
    USART1_ClearRxBuf_Flag                   0x08001a69   Thumb Code    28  bsp_uart.o(i.USART1_ClearRxBuf_Flag)
    USART1_IRQHandler                        0x08001a89   Thumb Code   110  bsp_uart.o(i.USART1_IRQHandler)
    USART6_IRQHandler                        0x08001b01   Thumb Code    98  debug_uart.o(i.USART6_IRQHandler)
    USART_ClearFlag                          0x08001b6d   Thumb Code    18  stm32f4xx_usart.o(i.USART_ClearFlag)
    USART_ClearITPendingBit                  0x08001b7f   Thumb Code    30  stm32f4xx_usart.o(i.USART_ClearITPendingBit)
    USART_Cmd                                0x08001b9d   Thumb Code    24  stm32f4xx_usart.o(i.USART_Cmd)
    USART_GetFlagStatus                      0x08001bb5   Thumb Code    26  stm32f4xx_usart.o(i.USART_GetFlagStatus)
    USART_GetITStatus                        0x08001bcf   Thumb Code    84  stm32f4xx_usart.o(i.USART_GetITStatus)
    USART_ITConfig                           0x08001c23   Thumb Code    74  stm32f4xx_usart.o(i.USART_ITConfig)
    USART_Init                               0x08001c6d   Thumb Code   204  stm32f4xx_usart.o(i.USART_Init)
    USART_PutChar                            0x08001d41   Thumb Code    38  bsp_uart.o(i.USART_PutChar)
    USART_PutData                            0x08001d67   Thumb Code    36  bsp_uart.o(i.USART_PutData)
    USART_PutS                               0x08001d8b   Thumb Code    26  bsp_uart.o(i.USART_PutS)
    USART_ReceiveData                        0x08001da5   Thumb Code    10  stm32f4xx_usart.o(i.USART_ReceiveData)
    USART_SendData                           0x08001daf   Thumb Code     8  stm32f4xx_usart.o(i.USART_SendData)
    UsageFault_Handler                       0x08001db7   Thumb Code     4  stm32f4xx_it.o(i.UsageFault_Handler)
    WIFI_AT_Test                             0x08001dbd   Thumb Code    72  app_wifi.o(i.WIFI_AT_Test)
    WIFI_Creat_Socket                        0x08001e59   Thumb Code    60  app_wifi.o(i.WIFI_Creat_Socket)
    WIFI_Disconnect_AP                       0x08001ef5   Thumb Code   114  app_wifi.o(i.WIFI_Disconnect_AP)
    WIFI_Join_AP                             0x08001fc5   Thumb Code    88  app_wifi.o(i.WIFI_Join_AP)
    WIFI_POWER_Ctrl                          0x08002065   Thumb Code   148  app_wifi.o(i.WIFI_POWER_Ctrl)
    WIFI_Query_WIFI                          0x08002141   Thumb Code   168  app_wifi.o(i.WIFI_Query_WIFI)
    WIFI_Scan                                0x08002265   Thumb Code    60  app_wifi.o(i.WIFI_Scan)
    WIFI_Set_DHCP                            0x080022dd   Thumb Code    64  app_wifi.o(i.WIFI_Set_DHCP)
    WIFI_Set_Mode                            0x0800235d   Thumb Code    64  app_wifi.o(i.WIFI_Set_Mode)
    WIFI_Set_Mux                             0x080023dd   Thumb Code   124  app_wifi.o(i.WIFI_Set_Mux)
    WIFI_Socket_Send                         0x080024a9   Thumb Code   154  app_wifi.o(i.WIFI_Socket_Send)
    Wifi_SendAT                              0x080025b1   Thumb Code    14  app_wifi.o(i.Wifi_SendAT)
    Wifi_SendAT_Dat                          0x080025c5   Thumb Code    18  app_wifi.o(i.Wifi_SendAT_Dat)
    __0printf                                0x08002639   Thumb Code    22  printfa.o(i.__0printf)
    __1printf                                0x08002639   Thumb Code     0  printfa.o(i.__0printf)
    __2printf                                0x08002639   Thumb Code     0  printfa.o(i.__0printf)
    __c89printf                              0x08002639   Thumb Code     0  printfa.o(i.__0printf)
    printf                                   0x08002639   Thumb Code     0  printfa.o(i.__0printf)
    __0sprintf                               0x08002659   Thumb Code    34  printfa.o(i.__0sprintf)
    __1sprintf                               0x08002659   Thumb Code     0  printfa.o(i.__0sprintf)
    __2sprintf                               0x08002659   Thumb Code     0  printfa.o(i.__0sprintf)
    __c89sprintf                             0x08002659   Thumb Code     0  printfa.o(i.__0sprintf)
    sprintf                                  0x08002659   Thumb Code     0  printfa.o(i.__0sprintf)
    __rt_ffs                                 0x08002681   Thumb Code    70  kservice.o(i.__rt_ffs)
    __scatterload_copy                       0x080026cd   Thumb Code    14  handlers.o(i.__scatterload_copy)
    __scatterload_null                       0x080026db   Thumb Code     2  handlers.o(i.__scatterload_null)
    __scatterload_zeroinit                   0x080026dd   Thumb Code    14  handlers.o(i.__scatterload_zeroinit)
    adc_thread_entry                         0x080030f1   Thumb Code    18  app_adc.o(i.adc_thread_entry)
    cmd_free                                 0x08003201   Thumb Code    14  msh.o(i.cmd_free)
    cmd_ps                                   0x0800320f   Thumb Code    14  msh.o(i.cmd_ps)
    debug_usart_Init                         0x0800321d   Thumb Code   134  debug_uart.o(i.debug_usart_Init)
    debug_usart_Tx                           0x080032ad   Thumb Code    40  debug_uart.o(i.debug_usart_Tx)
    finsh_get_prompt                         0x080032d9   Thumb Code    86  shell.o(i.finsh_get_prompt)
    finsh_set_prompt_mode                    0x08003359   Thumb Code    22  shell.o(i.finsh_set_prompt_mode)
    finsh_system_function_init               0x08003375   Thumb Code    10  shell.o(i.finsh_system_function_init)
    finsh_system_init                        0x08003389   Thumb Code    98  shell.o(i.finsh_system_init)
    finsh_thread_entry                       0x08003425   Thumb Code   936  shell.o(i.finsh_thread_entry)
    fputc                                    0x080037ed   Thumb Code    24  debug_uart.o(i.fputc)
    get_pow_in_val                           0x08003809   Thumb Code    94  bsp_iadc.o(i.get_pow_in_val)
    get_pow_out_val                          0x08003885   Thumb Code    94  bsp_iadc.o(i.get_pow_out_val)
    get_rccclock_info                        0x08003901   Thumb Code   166  sys.o(i.get_rccclock_info)
    hello                                    0x08003aa1   Thumb Code    12  cmd.o(i.hello)
    key_Init                                 0x08003ac1   Thumb Code   126  bsp_gpio.o(i.key_Init)
    key_thread_entry                         0x08003b45   Thumb Code    96  app_key.o(i.key_thread_entry)
    led_thread_entry                         0x08003bc9   Thumb Code   222  thread_entry.o(i.led_thread_entry)
    list                                     0x08003ce9   Thumb Code    54  cmd.o(i.list)
    list_mailbox                             0x08003e05   Thumb Code   224  cmd.o(i.list_mailbox)
    list_mem                                 0x08003f61   Thumb Code    34  mem.o(i.list_mem)
    list_sem                                 0x08003fd9   Thumb Code   216  cmd.o(i.list_sem)
    list_thread                              0x08004111   Thumb Code   294  cmd.o(i.list_thread)
    list_timer                               0x080042f5   Thumb Code   190  cmd.o(i.list_timer)
    $Super$$main                             0x08004455   Thumb Code    54  main.o(i.main)
    main_thread_entry                        0x08004495   Thumb Code    14  components.o(i.main_thread_entry)
    msh_auto_complete                        0x0800458d   Thumb Code   138  msh.o(i.msh_auto_complete)
    msh_exec                                 0x0800462d   Thumb Code    84  msh.o(i.msh_exec)
    msh_help                                 0x080046f5   Thumb Code    66  msh.o(i.msh_help)
    msh_is_used                              0x08004775   Thumb Code     4  msh.o(i.msh_is_used)
    rt_application_init                      0x08004a95   Thumb Code    34  components.o(i.rt_application_init)
    rt_calloc                                0x08004ac5   Thumb Code    34  mem.o(i.rt_calloc)
    rt_components_board_init                 0x08004ae9   Thumb Code    20  components.o(i.rt_components_board_init)
    rt_components_init                       0x08004b05   Thumb Code    20  components.o(i.rt_components_init)
    rt_enter_critical                        0x08004b21   Thumb Code    28  scheduler.o(i.rt_enter_critical)
    rt_exit_critical                         0x08004b41   Thumb Code    60  scheduler.o(i.rt_exit_critical)
    rt_free                                  0x08004b85   Thumb Code   128  mem.o(i.rt_free)
    rt_heap_begin_get                        0x08004c65   Thumb Code     4  board.o(i.rt_heap_begin_get)
    rt_heap_end_get                          0x08004c6d   Thumb Code     4  board.o(i.rt_heap_end_get)
    rt_hw_board_init                         0x08004c75   Thumb Code    52  board.o(i.rt_hw_board_init)
    rt_hw_console_getchar                    0x08004cad   Thumb Code    56  finsh_port.o(i.rt_hw_console_getchar)
    rt_hw_console_output                     0x08004ce9   Thumb Code    54  board.o(i.rt_hw_console_output)
    rt_hw_hard_fault_exception               0x08004d21   Thumb Code   220  cpuport.o(i.rt_hw_hard_fault_exception)
    rt_hw_stack_init                         0x08004f4d   Thumb Code    74  cpuport.o(i.rt_hw_stack_init)
    rt_interrupt_enter                       0x08004f9d   Thumb Code    26  irq.o(i.rt_interrupt_enter)
    rt_interrupt_leave                       0x08004fbd   Thumb Code    26  irq.o(i.rt_interrupt_leave)
    rt_kprintf                               0x080050a1   Thumb Code    50  kservice.o(i.rt_kprintf)
    rt_malloc                                0x0800519d   Thumb Code   336  mem.o(i.rt_malloc)
    rt_memmove                               0x08005309   Thumb Code    66  kservice.o(i.rt_memmove)
    rt_memset                                0x0800534b   Thumb Code    72  kservice.o(i.rt_memset)
    rt_object_allocate                       0x08005393   Thumb Code    84  object.o(i.rt_object_allocate)
    rt_object_delete                         0x080053e7   Thumb Code    36  object.o(i.rt_object_delete)
    rt_object_detach                         0x0800540b   Thumb Code    30  object.o(i.rt_object_detach)
    rt_object_get_information                0x08005429   Thumb Code    36  object.o(i.rt_object_get_information)
    rt_object_init                           0x08005451   Thumb Code    86  object.o(i.rt_object_init)
    rt_object_is_systemobject                0x080054a7   Thumb Code    18  object.o(i.rt_object_is_systemobject)
    rt_os_tick_callback                      0x080054b9   Thumb Code    16  board.o(i.rt_os_tick_callback)
    rt_schedule                              0x080054c9   Thumb Code   106  scheduler.o(i.rt_schedule)
    rt_schedule_insert_thread                0x0800554d   Thumb Code    72  scheduler.o(i.rt_schedule_insert_thread)
    rt_schedule_remove_thread                0x0800559d   Thumb Code    76  scheduler.o(i.rt_schedule_remove_thread)
    rt_sem_control                           0x080055f1   Thumb Code    54  ipc.o(i.rt_sem_control)
    rt_sem_init                              0x08005627   Thumb Code    38  ipc.o(i.rt_sem_init)
    rt_sem_release                           0x0800564d   Thumb Code    82  ipc.o(i.rt_sem_release)
    rt_sem_take                              0x0800569f   Thumb Code   116  ipc.o(i.rt_sem_take)
    rt_show_version                          0x08005715   Thumb Code    38  kservice.o(i.rt_show_version)
    rt_soft_timer_check                      0x080057c5   Thumb Code   178  timer.o(i.rt_soft_timer_check)
    rt_strlen                                0x08005881   Thumb Code    18  kservice.o(i.rt_strlen)
    rt_strncpy                               0x08005893   Thumb Code    52  kservice.o(i.rt_strncpy)
    rt_system_heap_init                      0x080058c9   Thumb Code   160  mem.o(i.rt_system_heap_init)
    rt_system_scheduler_init                 0x080059c1   Thumb Code    52  scheduler.o(i.rt_system_scheduler_init)
    rt_system_scheduler_start                0x08005a0d   Thumb Code    36  scheduler.o(i.rt_system_scheduler_start)
    rt_system_timer_init                     0x08005a3d   Thumb Code    24  timer.o(i.rt_system_timer_init)
    rt_system_timer_thread_init              0x08005a59   Thumb Code    60  timer.o(i.rt_system_timer_thread_init)
    rt_thread_create                         0x08005aad   Thumb Code    80  thread.o(i.rt_thread_create)
    rt_thread_delay                          0x08005afd   Thumb Code    12  thread.o(i.rt_thread_delay)
    rt_thread_exit                           0x08005b09   Thumb Code    78  thread.o(i.rt_thread_exit)
    rt_thread_idle_excute                    0x08005b69   Thumb Code    92  idle.o(i.rt_thread_idle_excute)
    rt_thread_idle_init                      0x08005bc9   Thumb Code    38  idle.o(i.rt_thread_idle_init)
    rt_thread_init                           0x08005c05   Thumb Code    52  thread.o(i.rt_thread_init)
    rt_thread_mdelay                         0x08005c39   Thumb Code    20  thread.o(i.rt_thread_mdelay)
    rt_thread_resume                         0x08005c4d   Thumb Code    60  thread.o(i.rt_thread_resume)
    rt_thread_self                           0x08005c89   Thumb Code     6  thread.o(i.rt_thread_self)
    rt_thread_sleep                          0x08005c95   Thumb Code    62  thread.o(i.rt_thread_sleep)
    rt_thread_startup                        0x08005cd9   Thumb Code    44  thread.o(i.rt_thread_startup)
    rt_thread_suspend                        0x08005d05   Thumb Code    68  thread.o(i.rt_thread_suspend)
    rt_thread_timeout                        0x08005d49   Thumb Code    32  thread.o(i.rt_thread_timeout)
    rt_thread_yield                          0x08005dad   Thumb Code    92  thread.o(i.rt_thread_yield)
    rt_tick_from_millisecond                 0x08005e11   Thumb Code    56  clock.o(i.rt_tick_from_millisecond)
    rt_tick_get                              0x08005e49   Thumb Code     6  clock.o(i.rt_tick_get)
    rt_tick_increase                         0x08005e55   Thumb Code    42  clock.o(i.rt_tick_increase)
    rt_timer_check                           0x08005e85   Thumb Code   160  timer.o(i.rt_timer_check)
    rt_timer_control                         0x08005f29   Thumb Code    98  timer.o(i.rt_timer_control)
    rt_timer_detach                          0x08005f8b   Thumb Code    40  timer.o(i.rt_timer_detach)
    rt_timer_init                            0x08005fb3   Thumb Code    46  timer.o(i.rt_timer_init)
    rt_timer_start                           0x0800600d   Thumb Code   278  timer.o(i.rt_timer_start)
    rt_timer_stop                            0x08006139   Thumb Code    48  timer.o(i.rt_timer_stop)
    rt_vsnprintf                             0x08006169   Thumb Code   824  kservice.o(i.rt_vsnprintf)
    rtthread_startup                         0x080064b9   Thumb Code    42  components.o(i.rtthread_startup)
    scs_thread_init                          0x080064e5   Thumb Code   144  thread_entry.o(i.scs_thread_init)
    version                                  0x08006775   Thumb Code    10  cmd.o(i.version)
    wifi_get_cfg                             0x08006781   Thumb Code   798  app_wifi.o(i.wifi_get_cfg)
    wifi_thread_entry                        0x08006c0d   Thumb Code   160  app_wifi.o(i.wifi_thread_entry)
    wifi_ready_stack                         0x08006cbc   Data          10  app_wifi.o(.constdata)
    wifi_ok_stack                            0x08006cc6   Data          10  app_wifi.o(.constdata)
    wifi_error_stack                         0x08006cd0   Data          10  app_wifi.o(.constdata)
    wifi_tcp_read_stack                      0x08006cda   Data          10  app_wifi.o(.constdata)
    wifi_socketok_stack                      0x08006ce4   Data          32  app_wifi.o(.constdata)
    wifi_disconnect_stack                    0x08006d04   Data          32  app_wifi.o(.constdata)
    __lowest_bit_bitmap                      0x08006d24   Data         256  kservice.o(.constdata)
    __fsym_list_mem_name                     0x08006e8c   Data           9  mem.o(.rodata.name)
    __fsym_list_mem_desc                     0x08006e95   Data          30  mem.o(.rodata.name)
    __fsym_hello_name                        0x08006eb3   Data           6  cmd.o(.rodata.name)
    __fsym_hello_desc                        0x08006eb9   Data          16  cmd.o(.rodata.name)
    __fsym_version_name                      0x08006ec9   Data           8  cmd.o(.rodata.name)
    __fsym_version_desc                      0x08006ed1   Data          35  cmd.o(.rodata.name)
    __fsym___cmd_version_name                0x08006ef4   Data          14  cmd.o(.rodata.name)
    __fsym___cmd_version_desc                0x08006f02   Data          35  cmd.o(.rodata.name)
    __fsym_list_thread_name                  0x08006f25   Data          12  cmd.o(.rodata.name)
    __fsym_list_thread_desc                  0x08006f31   Data          12  cmd.o(.rodata.name)
    __fsym___cmd_list_thread_name            0x08006f3d   Data          18  cmd.o(.rodata.name)
    __fsym___cmd_list_thread_desc            0x08006f4f   Data          12  cmd.o(.rodata.name)
    __fsym_list_sem_name                     0x08006f5b   Data           9  cmd.o(.rodata.name)
    __fsym_list_sem_desc                     0x08006f64   Data          25  cmd.o(.rodata.name)
    __fsym___cmd_list_sem_name               0x08006f7d   Data          15  cmd.o(.rodata.name)
    __fsym___cmd_list_sem_desc               0x08006f8c   Data          25  cmd.o(.rodata.name)
    __fsym_list_mailbox_name                 0x08006fa5   Data          13  cmd.o(.rodata.name)
    __fsym_list_mailbox_desc                 0x08006fb2   Data          24  cmd.o(.rodata.name)
    __fsym___cmd_list_mailbox_name           0x08006fca   Data          19  cmd.o(.rodata.name)
    __fsym___cmd_list_mailbox_desc           0x08006fdd   Data          24  cmd.o(.rodata.name)
    __fsym_list_timer_name                   0x08006ff5   Data          11  cmd.o(.rodata.name)
    __fsym_list_timer_desc                   0x08007000   Data          21  cmd.o(.rodata.name)
    __fsym___cmd_list_timer_name             0x08007015   Data          17  cmd.o(.rodata.name)
    __fsym___cmd_list_timer_desc             0x08007026   Data          21  cmd.o(.rodata.name)
    __fsym_list_name                         0x0800703b   Data           5  cmd.o(.rodata.name)
    __fsym_list_desc                         0x08007040   Data          26  cmd.o(.rodata.name)
    __fsym___cmd_help_name                   0x0800705a   Data          11  msh.o(.rodata.name)
    __fsym___cmd_help_desc                   0x08007065   Data          22  msh.o(.rodata.name)
    __fsym___cmd_ps_name                     0x0800707b   Data           9  msh.o(.rodata.name)
    __fsym___cmd_ps_desc                     0x08007084   Data          28  msh.o(.rodata.name)
    __fsym___cmd_free_name                   0x080070a0   Data          11  msh.o(.rodata.name)
    __fsym___cmd_free_desc                   0x080070ab   Data          37  msh.o(.rodata.name)
    __rt_init_rti_start                      0x080070d0   Data           4  components.o(.rti_fn.0)
    __rt_init_rti_board_start                0x080070d4   Data           4  components.o(.rti_fn.0.end)
    __rt_init_uart_init                      0x080070d8   Data           4  board.o(.rti_fn.1)
    __rt_init_rti_board_end                  0x080070dc   Data           4  components.o(.rti_fn.1.end)
    __rt_init_finsh_system_init              0x080070e0   Data           4  shell.o(.rti_fn.6)
    __rt_init_rti_end                        0x080070e4   Data           4  components.o(.rti_fn.6.end)
    FSymTab$$Base                            0x080070e8   Number         0  mem.o(FSymTab)
    __fsym_list_mem                          0x080070e8   Data          12  mem.o(FSymTab)
    __fsym_hello                             0x080070f4   Data          12  cmd.o(FSymTab)
    __fsym_version                           0x08007100   Data          12  cmd.o(FSymTab)
    __fsym___cmd_version                     0x0800710c   Data          12  cmd.o(FSymTab)
    __fsym_list_thread                       0x08007118   Data          12  cmd.o(FSymTab)
    __fsym___cmd_list_thread                 0x08007124   Data          12  cmd.o(FSymTab)
    __fsym_list_sem                          0x08007130   Data          12  cmd.o(FSymTab)
    __fsym___cmd_list_sem                    0x0800713c   Data          12  cmd.o(FSymTab)
    __fsym_list_mailbox                      0x08007148   Data          12  cmd.o(FSymTab)
    __fsym___cmd_list_mailbox                0x08007154   Data          12  cmd.o(FSymTab)
    __fsym_list_timer                        0x08007160   Data          12  cmd.o(FSymTab)
    __fsym___cmd_list_timer                  0x0800716c   Data          12  cmd.o(FSymTab)
    __fsym_list                              0x08007178   Data          12  cmd.o(FSymTab)
    __fsym___cmd_help                        0x08007184   Data          12  msh.o(FSymTab)
    __fsym___cmd_ps                          0x08007190   Data          12  msh.o(FSymTab)
    __fsym___cmd_free                        0x0800719c   Data          12  msh.o(FSymTab)
    FSymTab$$Limit                           0x080071a8   Number         0  msh.o(FSymTab)
    Region$$Table$$Base                      0x080071a8   Number         0  anon$$obj.o(Region$$Table)
    Region$$Table$$Limit                     0x080071c8   Number         0  anon$$obj.o(Region$$Table)
    Is_Wifi_Power_On                         0x20000000   Data           1  app_wifi.o(.data)
    Is_AT_OK                                 0x20000001   Data           1  app_wifi.o(.data)
    Scoket_ConID                             0x20000002   Data           1  app_wifi.o(.data)
    WIFI_CFG_SSID                            0x20000003   Data         128  app_wifi.o(.data)
    WIFI_CFG_PASS                            0x20000083   Data         128  app_wifi.o(.data)
    wifi_ssid_len                            0x20000103   Data           1  app_wifi.o(.data)
    wifi_pass_len                            0x20000104   Data           1  app_wifi.o(.data)
    MI_V                                     0x20000106   Data           2  app_wifi.o(.data)
    BAT_V                                    0x20000108   Data           2  app_wifi.o(.data)
    BAT_I                                    0x2000010a   Data           2  app_wifi.o(.data)
    TEMP                                     0x2000010c   Data           2  app_wifi.o(.data)
    __stdout                                 0x20000110   Data           4  debug_uart.o(.data)
    SystemCoreClock                          0x20000124   Data           4  system_stm32f4xx.o(.data)
    AHBPrescTable                            0x20000128   Data          16  system_stm32f4xx.o(.data)
    rt_interrupt_from_thread                 0x2000013c   Data           4  cpuport.o(.data)
    rt_interrupt_to_thread                   0x20000140   Data           4  cpuport.o(.data)
    rt_thread_switch_interrupt_flag          0x20000144   Data           4  cpuport.o(.data)
    rt_interrupt_nest                        0x2000014c   Data           1  irq.o(.data)
    rt_thread_ready_priority_group           0x200001a8   Data           4  scheduler.o(.data)
    rt_current_thread                        0x200001b0   Data           4  scheduler.o(.data)
    rt_current_priority                      0x200001b4   Data           1  scheduler.o(.data)
    rt_thread_defunct                        0x200001b8   Data           8  scheduler.o(.data)
    _syscall_table_begin                     0x200001d8   Data           4  shell.o(.data)
    _syscall_table_end                       0x200001dc   Data           4  shell.o(.data)
    _sysvar_table_begin                      0x200001e0   Data           4  shell.o(.data)
    _sysvar_table_end                        0x200001e4   Data           4  shell.o(.data)
    shell                                    0x200001e8   Data           4  shell.o(.data)
    sWifi_Cfg                                0x200001f0   Data         666  main.o(.bss)
    sCM_Requst_Cfg                           0x2000048a   Data          32  main.o(.bss)
    sCM_Respond_Cfg                          0x200004aa   Data         533  main.o(.bss)
    RCC_Clocks                               0x200006c0   Data          16  main.o(.bss)
    oled_refresh_sem                         0x200033cc   Data          40  thread_entry.o(.bss)
    key_sem                                  0x200033f4   Data          40  app_key.o(.bss)
    wifi_ssid                                0x2000341c   Data         128  app_wifi.o(.bss)
    wifi_pass                                0x2000349c   Data         128  app_wifi.o(.bss)
    log_usart_buf                            0x2000351c   Data         528  debug_uart.o(.bss)
    uart1_rbuf                               0x2000372c   Data        4112  bsp_uart.o(.bss)
    uart2_rbuf                               0x2000473c   Data         264  bsp_uart.o(.bss)
    uart3_rbuf                               0x20004844   Data         136  bsp_uart.o(.bss)
    rt_thread_priority_table                 0x20005c7c   Data         256  scheduler.o(.bss)
    __initial_sp                             0x20006c08   Data           0  startup_stm32f446xx.o(STACK)



==============================================================================

Memory Map of the image

  Image Entry point : 0x080001c5

  Load Region LR_IROM1 (Base: 0x08000000, Size: 0x000073b8, Max: 0x00080000, ABSOLUTE, COMPRESSED[0x00007220])

    Execution Region ER_IROM1 (Exec base: 0x08000000, Load base: 0x08000000, Size: 0x000071c8, Max: 0x00080000, ABSOLUTE)

    Exec Addr    Load Addr    Size         Type   Attr      Idx    E Section Name        Object

    0x08000000   0x08000000   0x000001c4   Data   RO         7503    RESET               startup_stm32f446xx.o
    0x080001c4   0x080001c4   0x00000000   Code   RO         8913  * .ARM.Collect$$$$00000000  mc_w.l(entry.o)
    0x080001c4   0x080001c4   0x00000004   Code   RO         9211    .ARM.Collect$$$$00000001  mc_w.l(entry2.o)
    0x080001c8   0x080001c8   0x00000004   Code   RO         9214    .ARM.Collect$$$$00000004  mc_w.l(entry5.o)
    0x080001cc   0x080001cc   0x00000000   Code   RO         9216    .ARM.Collect$$$$00000008  mc_w.l(entry7b.o)
    0x080001cc   0x080001cc   0x00000000   Code   RO         9218    .ARM.Collect$$$$0000000A  mc_w.l(entry8b.o)
    0x080001cc   0x080001cc   0x00000008   Code   RO         9219    .ARM.Collect$$$$0000000B  mc_w.l(entry9a.o)
    0x080001d4   0x080001d4   0x00000004   Code   RO         9226    .ARM.Collect$$$$0000000E  mc_w.l(entry12b.o)
    0x080001d8   0x080001d8   0x00000000   Code   RO         9221    .ARM.Collect$$$$0000000F  mc_w.l(entry10a.o)
    0x080001d8   0x080001d8   0x00000000   Code   RO         9223    .ARM.Collect$$$$00000011  mc_w.l(entry11a.o)
    0x080001d8   0x080001d8   0x00000004   Code   RO         9212    .ARM.Collect$$$$00002712  mc_w.l(entry2.o)
    0x080001dc   0x080001dc   0x00000024   Code   RO         7504    .text               startup_stm32f446xx.o
    0x08000200   0x08000200   0x00000134   Code   RO         7689    .text               context_rvds.o
    0x08000334   0x08000334   0x00000024   Code   RO         8916    .text               mc_w.l(memcpya.o)
    0x08000358   0x08000358   0x00000024   Code   RO         8918    .text               mc_w.l(memseta.o)
    0x0800037c   0x0800037c   0x00000018   Code   RO         8920    .text               mc_w.l(strcat.o)
    0x08000394   0x08000394   0x00000024   Code   RO         8922    .text               mc_w.l(strstr.o)
    0x080003b8   0x080003b8   0x00000018   Code   RO         8924    .text               mc_w.l(strncpy.o)
    0x080003d0   0x080003d0   0x0000000e   Code   RO         8926    .text               mc_w.l(strlen.o)
    0x080003de   0x080003de   0x00000012   Code   RO         8928    .text               mc_w.l(strcpy.o)
    0x080003f0   0x080003f0   0x0000001e   Code   RO         8930    .text               mc_w.l(strncmp.o)
    0x0800040e   0x0800040e   0x0000014e   Code   RO         9195    .text               mf_w.l(dadd.o)
    0x0800055c   0x0800055c   0x000000e4   Code   RO         9197    .text               mf_w.l(dmul.o)
    0x08000640   0x08000640   0x000000de   Code   RO         9199    .text               mf_w.l(ddiv.o)
    0x0800071e   0x0800071e   0x0000001a   Code   RO         9203    .text               mf_w.l(dfltui.o)
    0x08000738   0x08000738   0x00000026   Code   RO         9207    .text               mf_w.l(f2d.o)
    0x0800075e   0x0800075e   0x00000038   Code   RO         9209    .text               mf_w.l(d2f.o)
    0x08000796   0x08000796   0x0000002c   Code   RO         9227    .text               mc_w.l(uidiv.o)
    0x080007c2   0x080007c2   0x00000062   Code   RO         9229    .text               mc_w.l(uldiv.o)
    0x08000824   0x08000824   0x0000001e   Code   RO         9231    .text               mc_w.l(llshl.o)
    0x08000842   0x08000842   0x00000020   Code   RO         9233    .text               mc_w.l(llushr.o)
    0x08000862   0x08000862   0x00000024   Code   RO         9235    .text               mc_w.l(llsshr.o)
    0x08000886   0x08000886   0x00000000   Code   RO         9237    .text               mc_w.l(iusefp.o)
    0x08000886   0x08000886   0x0000006e   Code   RO         9238    .text               mf_w.l(fepilogue.o)
    0x080008f4   0x080008f4   0x000000ba   Code   RO         9240    .text               mf_w.l(depilogue.o)
    0x080009ae   0x080009ae   0x00000030   Code   RO         9242    .text               mf_w.l(dfixul.o)
    0x080009de   0x080009de   0x00000002   PAD
    0x080009e0   0x080009e0   0x00000030   Code   RO         9244    .text               mf_w.l(cdrcmple.o)
    0x08000a10   0x08000a10   0x00000024   Code   RO         9246    .text               mc_w.l(init.o)
    0x08000a34   0x08000a34   0x00000056   Code   RO         9256    .text               mc_w.l(__dczerorl2.o)
    0x08000a8a   0x08000a8a   0x0000000a   Code   RO         7621    i.$Sub$$main        components.o
    0x08000a94   0x08000a94   0x00000016   Code   RO         1867    i.ADC_Cmd           stm32f4xx_adc.o
    0x08000aaa   0x08000aaa   0x00000002   PAD
    0x08000aac   0x08000aac   0x00000030   Code   RO         1868    i.ADC_CommonInit    stm32f4xx_adc.o
    0x08000adc   0x08000adc   0x00000008   Code   RO         1879    i.ADC_GetConversionValue  stm32f4xx_adc.o
    0x08000ae4   0x08000ae4   0x00000012   Code   RO         1880    i.ADC_GetFlagStatus  stm32f4xx_adc.o
    0x08000af6   0x08000af6   0x00000002   PAD
    0x08000af8   0x08000af8   0x00000054   Code   RO         1887    i.ADC_Init          stm32f4xx_adc.o
    0x08000b4c   0x08000b4c   0x000000b8   Code   RO         1892    i.ADC_RegularChannelConfig  stm32f4xx_adc.o
    0x08000c04   0x08000c04   0x0000000a   Code   RO         1894    i.ADC_SoftwareStartConv  stm32f4xx_adc.o
    0x08000c0e   0x08000c0e   0x00000014   Code   RO         1896    i.ADC_StructInit    stm32f4xx_adc.o
    0x08000c22   0x08000c22   0x00000002   PAD
    0x08000c24   0x08000c24   0x0000009c   Code   RO         1044    i.Adc1_Init         bsp_iadc.o
    0x08000cc0   0x08000cc0   0x0000009c   Code   RO         1045    i.Adc2_Init         bsp_iadc.o
    0x08000d5c   0x08000d5c   0x00000004   Code   RO          292    i.BusFault_Handler  stm32f4xx_it.o
    0x08000d60   0x08000d60   0x00000028   Code   RO         2684    i.DAC_Cmd           stm32f4xx_dac.o
    0x08000d88   0x08000d88   0x00000034   Code   RO         2692    i.DAC_Init          stm32f4xx_dac.o
    0x08000dbc   0x08000dbc   0x00000020   Code   RO         2693    i.DAC_SetChannel1Data  stm32f4xx_dac.o
    0x08000ddc   0x08000ddc   0x00000070   Code   RO         1098    i.Dac1_Set_fixed_Vol  bsp_idac.o
    0x08000e4c   0x08000e4c   0x00000054   Code   RO         1099    i.Dac1_fixed_Init   bsp_idac.o
    0x08000ea0   0x08000ea0   0x00000002   Code   RO          293    i.DebugMon_Handler  stm32f4xx_it.o
    0x08000ea2   0x08000ea2   0x00000002   PAD
    0x08000ea4   0x08000ea4   0x0000002c   Code   RO         1396    i.EXTI2_IRQHandler  bsp_codec.o
    0x08000ed0   0x08000ed0   0x00000020   Code   RO          942    i.EXTI9_5_IRQHandler  bsp_gpio.o
    0x08000ef0   0x08000ef0   0x0000000c   Code   RO         3265    i.EXTI_ClearITPendingBit  stm32f4xx_exti.o
    0x08000efc   0x08000efc   0x00000018   Code   RO         3269    i.EXTI_GetITStatus  stm32f4xx_exti.o
    0x08000f14   0x08000f14   0x00000094   Code   RO         3270    i.EXTI_Init         stm32f4xx_exti.o
    0x08000fa8   0x08000fa8   0x00000228   Code   RO          943    i.GPIO_Configuration  bsp_gpio.o
    0x080011d0   0x080011d0   0x00000090   Code   RO         4069    i.GPIO_Init         stm32f4xx_gpio.o
    0x08001260   0x08001260   0x00000046   Code   RO         4070    i.GPIO_PinAFConfig  stm32f4xx_gpio.o
    0x080012a6   0x080012a6   0x00000012   Code   RO         4073    i.GPIO_ReadInputDataBit  stm32f4xx_gpio.o
    0x080012b8   0x080012b8   0x00000004   Code   RO         4076    i.GPIO_ResetBits    stm32f4xx_gpio.o
    0x080012bc   0x080012bc   0x00000004   Code   RO         4077    i.GPIO_SetBits      stm32f4xx_gpio.o
    0x080012c0   0x080012c0   0x00000008   Code   RO         4079    i.GPIO_ToggleBits   stm32f4xx_gpio.o
    0x080012c8   0x080012c8   0x00000024   Code   RO         1046    i.Get_Adc1          bsp_iadc.o
    0x080012ec   0x080012ec   0x00000024   Code   RO         1047    i.Get_Adc2          bsp_iadc.o
    0x08001310   0x08001310   0x00000024   Code   RO            4    i.Init_Devices      main.o
    0x08001334   0x08001334   0x00000048   Code   RO          856    i.Init_SysTick      sys.o
    0x0800137c   0x0800137c   0x00000004   Code   RO          294    i.MemManage_Handler  stm32f4xx_it.o
    0x08001380   0x08001380   0x00000002   Code   RO          295    i.NMI_Handler       stm32f4xx_it.o
    0x08001382   0x08001382   0x00000002   PAD
    0x08001384   0x08001384   0x00000078   Code   RO         1813    i.NVIC_Init         misc.o
    0x080013fc   0x080013fc   0x00000014   Code   RO         1814    i.NVIC_PriorityGroupConfig  misc.o
    0x08001410   0x08001410   0x00000028   Code   RO          858    i.NVIC_SetPriority  sys.o
    0x08001438   0x08001438   0x00000020   Code   RO         5189    i.RCC_AHB1PeriphClockCmd  stm32f4xx_rcc.o
    0x08001458   0x08001458   0x00000020   Code   RO         5198    i.RCC_APB1PeriphClockCmd  stm32f4xx_rcc.o
    0x08001478   0x08001478   0x00000020   Code   RO         5201    i.RCC_APB2PeriphClockCmd  stm32f4xx_rcc.o
    0x08001498   0x08001498   0x00000020   Code   RO         5203    i.RCC_APB2PeriphResetCmd  stm32f4xx_rcc.o
    0x080014b8   0x080014b8   0x000001c8   Code   RO         5212    i.RCC_GetClocksFreq  stm32f4xx_rcc.o
    0x08001680   0x08001680   0x00000002   Code   RO          296    i.SVC_Handler       stm32f4xx_it.o
    0x08001682   0x08001682   0x00000002   PAD
    0x08001684   0x08001684   0x00000040   Code   RO         6582    i.SYSCFG_EXTILineConfig  stm32f4xx_syscfg.o
    0x080016c4   0x080016c4   0x00000120   Code   RO         7463    i.SetSysClock       system_stm32f4xx.o
    0x080017e4   0x080017e4   0x00000008   Code   RO         7511    i.SysTick_Handler   board.o
    0x080017ec   0x080017ec   0x0000011c   Code   RO         7464    i.SystemCoreClockUpdate  system_stm32f4xx.o
    0x08001908   0x08001908   0x00000068   Code   RO         7465    i.SystemInit        system_stm32f4xx.o
    0x08001970   0x08001970   0x0000001c   Code   RO         1425    i.TIM6_DAC_IRQHandler  bsp_timer.o
    0x0800198c   0x0800198c   0x000000dc   Code   RO         1704    i.UART1_Configuration  bsp_uart.o
    0x08001a68   0x08001a68   0x00000020   Code   RO         1705    i.USART1_ClearRxBuf_Flag  bsp_uart.o
    0x08001a88   0x08001a88   0x00000078   Code   RO         1708    i.USART1_IRQHandler  bsp_uart.o
    0x08001b00   0x08001b00   0x0000006c   Code   RO          712    i.USART6_IRQHandler  debug_uart.o
    0x08001b6c   0x08001b6c   0x00000012   Code   RO         7205    i.USART_ClearFlag   stm32f4xx_usart.o
    0x08001b7e   0x08001b7e   0x0000001e   Code   RO         7206    i.USART_ClearITPendingBit  stm32f4xx_usart.o
    0x08001b9c   0x08001b9c   0x00000018   Code   RO         7209    i.USART_Cmd         stm32f4xx_usart.o
    0x08001bb4   0x08001bb4   0x0000001a   Code   RO         7212    i.USART_GetFlagStatus  stm32f4xx_usart.o
    0x08001bce   0x08001bce   0x00000054   Code   RO         7213    i.USART_GetITStatus  stm32f4xx_usart.o
    0x08001c22   0x08001c22   0x0000004a   Code   RO         7215    i.USART_ITConfig    stm32f4xx_usart.o
    0x08001c6c   0x08001c6c   0x000000d4   Code   RO         7216    i.USART_Init        stm32f4xx_usart.o
    0x08001d40   0x08001d40   0x00000026   Code   RO         1715    i.USART_PutChar     bsp_uart.o
    0x08001d66   0x08001d66   0x00000024   Code   RO         1716    i.USART_PutData     bsp_uart.o
    0x08001d8a   0x08001d8a   0x0000001a   Code   RO         1717    i.USART_PutS        bsp_uart.o
    0x08001da4   0x08001da4   0x0000000a   Code   RO         7223    i.USART_ReceiveData  stm32f4xx_usart.o
    0x08001dae   0x08001dae   0x00000008   Code   RO         7226    i.USART_SendData    stm32f4xx_usart.o
    0x08001db6   0x08001db6   0x00000004   Code   RO          297    i.UsageFault_Handler  stm32f4xx_it.o
    0x08001dba   0x08001dba   0x00000002   PAD
    0x08001dbc   0x08001dbc   0x0000009c   Code   RO          576    i.WIFI_AT_Test      app_wifi.o
    0x08001e58   0x08001e58   0x0000009c   Code   RO          577    i.WIFI_Creat_Socket  app_wifi.o
    0x08001ef4   0x08001ef4   0x000000d0   Code   RO          578    i.WIFI_Disconnect_AP  app_wifi.o
    0x08001fc4   0x08001fc4   0x000000a0   Code   RO          579    i.WIFI_Join_AP      app_wifi.o
    0x08002064   0x08002064   0x000000dc   Code   RO          580    i.WIFI_POWER_Ctrl   app_wifi.o
    0x08002140   0x08002140   0x00000124   Code   RO          581    i.WIFI_Query_WIFI   app_wifi.o
    0x08002264   0x08002264   0x00000078   Code   RO          583    i.WIFI_Scan         app_wifi.o
    0x080022dc   0x080022dc   0x00000080   Code   RO          584    i.WIFI_Set_DHCP     app_wifi.o
    0x0800235c   0x0800235c   0x00000080   Code   RO          585    i.WIFI_Set_Mode     app_wifi.o
    0x080023dc   0x080023dc   0x000000cc   Code   RO          586    i.WIFI_Set_Mux      app_wifi.o
    0x080024a8   0x080024a8   0x00000108   Code   RO          589    i.WIFI_Socket_Send  app_wifi.o
    0x080025b0   0x080025b0   0x00000014   Code   RO          590    i.Wifi_SendAT       app_wifi.o
    0x080025c4   0x080025c4   0x00000018   Code   RO          591    i.Wifi_SendAT_Dat   app_wifi.o
    0x080025dc   0x080025dc   0x0000005c   Code   RO         7512    i._SysTick_Config   board.o
    0x08002638   0x08002638   0x00000020   Code   RO         9167    i.__0printf         mc_w.l(printfa.o)
    0x08002658   0x08002658   0x00000028   Code   RO         9169    i.__0sprintf        mc_w.l(printfa.o)
    0x08002680   0x08002680   0x0000004c   Code   RO         7963    i.__rt_ffs          kservice.o
    0x080026cc   0x080026cc   0x0000000e   Code   RO         9250    i.__scatterload_copy  mc_w.l(handlers.o)
    0x080026da   0x080026da   0x00000002   Code   RO         9251    i.__scatterload_null  mc_w.l(handlers.o)
    0x080026dc   0x080026dc   0x0000000e   Code   RO         9252    i.__scatterload_zeroinit  mc_w.l(handlers.o)
    0x080026ea   0x080026ea   0x00000002   PAD
    0x080026ec   0x080026ec   0x00000184   Code   RO         9174    i._fp_digits        mc_w.l(printfa.o)
    0x08002870   0x08002870   0x0000006a   Code   RO         8749    i._msh_exec_cmd     msh.o
    0x080028da   0x080028da   0x00000002   PAD
    0x080028dc   0x080028dc   0x000006b4   Code   RO         9175    i._printf_core      mc_w.l(printfa.o)
    0x08002f90   0x08002f90   0x00000024   Code   RO         9176    i._printf_post_padding  mc_w.l(printfa.o)
    0x08002fb4   0x08002fb4   0x0000002e   Code   RO         9177    i._printf_pre_padding  mc_w.l(printfa.o)
    0x08002fe2   0x08002fe2   0x00000002   PAD
    0x08002fe4   0x08002fe4   0x00000084   Code   RO         8379    i._rt_thread_init   thread.o
    0x08003068   0x08003068   0x00000042   Code   RO         8511    i._rt_timer_init    timer.o
    0x080030aa   0x080030aa   0x0000001c   Code   RO         8512    i._rt_timer_remove  timer.o
    0x080030c6   0x080030c6   0x0000000a   Code   RO         9179    i._sputc            mc_w.l(printfa.o)
    0x080030d0   0x080030d0   0x00000020   Code   RO         8380    i._thread_cleanup_execute  thread.o
    0x080030f0   0x080030f0   0x00000012   Code   RO          484    i.adc_thread_entry  app_adc.o
    0x08003102   0x08003102   0x00000002   PAD
    0x08003104   0x08003104   0x000000fc   Code   RO         7702    i.bus_fault_track   cpuport.o
    0x08003200   0x08003200   0x0000000e   Code   RO         8750    i.cmd_free          msh.o
    0x0800320e   0x0800320e   0x0000000e   Code   RO         8751    i.cmd_ps            msh.o
    0x0800321c   0x0800321c   0x00000090   Code   RO          714    i.debug_usart_Init  debug_uart.o
    0x080032ac   0x080032ac   0x0000002c   Code   RO          715    i.debug_usart_Tx    debug_uart.o
    0x080032d8   0x080032d8   0x00000078   Code   RO         8822    i.finsh_get_prompt  shell.o
    0x08003350   0x08003350   0x00000008   Code   RO         8824    i.finsh_getchar     shell.o
    0x08003358   0x08003358   0x0000001c   Code   RO         8827    i.finsh_set_prompt_mode  shell.o
    0x08003374   0x08003374   0x00000014   Code   RO         8828    i.finsh_system_function_init  shell.o
    0x08003388   0x08003388   0x0000009c   Code   RO         8829    i.finsh_system_init  shell.o
    0x08003424   0x08003424   0x000003c8   Code   RO         8831    i.finsh_thread_entry  shell.o
    0x080037ec   0x080037ec   0x0000001c   Code   RO          716    i.fputc             debug_uart.o
    0x08003808   0x08003808   0x0000007c   Code   RO         1048    i.get_pow_in_val    bsp_iadc.o
    0x08003884   0x08003884   0x0000007c   Code   RO         1049    i.get_pow_out_val   bsp_iadc.o
    0x08003900   0x08003900   0x00000120   Code   RO          861    i.get_rccclock_info  sys.o
    0x08003a20   0x08003a20   0x00000080   Code   RO         7703    i.hard_fault_track  cpuport.o
    0x08003aa0   0x08003aa0   0x00000020   Code   RO         8635    i.hello             cmd.o
    0x08003ac0   0x08003ac0   0x00000084   Code   RO          944    i.key_Init          bsp_gpio.o
    0x08003b44   0x08003b44   0x00000084   Code   RO          406    i.key_thread_entry  app_key.o
    0x08003bc8   0x08003bc8   0x00000120   Code   RO          353    i.led_thread_entry  thread_entry.o
    0x08003ce8   0x08003ce8   0x00000068   Code   RO         8636    i.list              cmd.o
    0x08003d50   0x08003d50   0x0000002a   Code   RO         8637    i.list_find_init    cmd.o
    0x08003d7a   0x08003d7a   0x00000088   Code   RO         8638    i.list_get_next     cmd.o
    0x08003e02   0x08003e02   0x00000002   PAD
    0x08003e04   0x08003e04   0x0000015c   Code   RO         8639    i.list_mailbox      cmd.o
    0x08003f60   0x08003f60   0x00000078   Code   RO         8140    i.list_mem          mem.o
    0x08003fd8   0x08003fd8   0x00000138   Code   RO         8640    i.list_sem          cmd.o
    0x08004110   0x08004110   0x000001e4   Code   RO         8641    i.list_thread       cmd.o
    0x080042f4   0x080042f4   0x00000160   Code   RO         8642    i.list_timer        cmd.o
    0x08004454   0x08004454   0x00000040   Code   RO            5    i.main              main.o
    0x08004494   0x08004494   0x0000000e   Code   RO         7622    i.main_thread_entry  components.o
    0x080044a2   0x080044a2   0x00000002   PAD
    0x080044a4   0x080044a4   0x000000e8   Code   RO         7704    i.mem_manage_fault_track  cpuport.o
    0x0800458c   0x0800458c   0x000000a0   Code   RO         8752    i.msh_auto_complete  msh.o
    0x0800462c   0x0800462c   0x0000006c   Code   RO         8753    i.msh_exec          msh.o
    0x08004698   0x08004698   0x0000005c   Code   RO         8754    i.msh_get_cmd       msh.o
    0x080046f4   0x080046f4   0x00000080   Code   RO         8755    i.msh_help          msh.o
    0x08004774   0x08004774   0x00000004   Code   RO         8756    i.msh_is_used       msh.o
    0x08004778   0x08004778   0x000000f0   Code   RO         8757    i.msh_split         msh.o
    0x08004868   0x08004868   0x0000001c   Code   RO         8643    i.object_split      cmd.o
    0x08004884   0x08004884   0x00000078   Code   RO         8141    i.plug_holes        mem.o
    0x080048fc   0x080048fc   0x00000198   Code   RO         7965    i.print_number      kservice.o
    0x08004a94   0x08004a94   0x00000030   Code   RO         7623    i.rt_application_init  components.o
    0x08004ac4   0x08004ac4   0x00000022   Code   RO         8142    i.rt_calloc         mem.o
    0x08004ae6   0x08004ae6   0x00000002   PAD
    0x08004ae8   0x08004ae8   0x0000001c   Code   RO         7624    i.rt_components_board_init  components.o
    0x08004b04   0x08004b04   0x0000001c   Code   RO         7625    i.rt_components_init  components.o
    0x08004b20   0x08004b20   0x00000020   Code   RO         8307    i.rt_enter_critical  scheduler.o
    0x08004b40   0x08004b40   0x00000044   Code   RO         8308    i.rt_exit_critical  scheduler.o
    0x08004b84   0x08004b84   0x000000e0   Code   RO         8143    i.rt_free           mem.o
    0x08004c64   0x08004c64   0x00000008   Code   RO         7513    i.rt_heap_begin_get  board.o
    0x08004c6c   0x08004c6c   0x00000008   Code   RO         7514    i.rt_heap_end_get   board.o
    0x08004c74   0x08004c74   0x00000038   Code   RO         7515    i.rt_hw_board_init  board.o
    0x08004cac   0x08004cac   0x0000003c   Code   RO         8728    i.rt_hw_console_getchar  finsh_port.o
    0x08004ce8   0x08004ce8   0x00000036   Code   RO         7516    i.rt_hw_console_output  board.o
    0x08004d1e   0x08004d1e   0x00000002   PAD
    0x08004d20   0x08004d20   0x0000022c   Code   RO         7708    i.rt_hw_hard_fault_exception  cpuport.o
    0x08004f4c   0x08004f4c   0x00000050   Code   RO         7709    i.rt_hw_stack_init  cpuport.o
    0x08004f9c   0x08004f9c   0x00000020   Code   RO         7936    i.rt_interrupt_enter  irq.o
    0x08004fbc   0x08004fbc   0x00000020   Code   RO         7938    i.rt_interrupt_leave  irq.o
    0x08004fdc   0x08004fdc   0x00000014   Code   RO         7796    i.rt_ipc_list_resume  ipc.o
    0x08004ff0   0x08004ff0   0x00000032   Code   RO         7797    i.rt_ipc_list_resume_all  ipc.o
    0x08005022   0x08005022   0x0000006e   Code   RO         7798    i.rt_ipc_list_suspend  ipc.o
    0x08005090   0x08005090   0x00000010   Code   RO         7799    i.rt_ipc_object_init  ipc.o
    0x080050a0   0x080050a0   0x00000038   Code   RO         7969    i.rt_kprintf        kservice.o
    0x080050d8   0x080050d8   0x00000006   Code   RO         7800    i.rt_list_init      ipc.o
    0x080050de   0x080050de   0x00000006   Code   RO         8309    i.rt_list_init      scheduler.o
    0x080050e4   0x080050e4   0x00000006   Code   RO         8513    i.rt_list_init      timer.o
    0x080050ea   0x080050ea   0x0000000e   Code   RO         8219    i.rt_list_insert_after  object.o
    0x080050f8   0x080050f8   0x0000000e   Code   RO         8381    i.rt_list_insert_after  thread.o
    0x08005106   0x08005106   0x0000000e   Code   RO         8514    i.rt_list_insert_after  timer.o
    0x08005114   0x08005114   0x0000000e   Code   RO         7801    i.rt_list_insert_before  ipc.o
    0x08005122   0x08005122   0x00000010   Code   RO         7802    i.rt_list_isempty   ipc.o
    0x08005132   0x08005132   0x00000010   Code   RO         8515    i.rt_list_isempty   timer.o
    0x08005142   0x08005142   0x00000010   Code   RO         8644    i.rt_list_isempty   cmd.o
    0x08005152   0x08005152   0x00000014   Code   RO         8645    i.rt_list_len       cmd.o
    0x08005166   0x08005166   0x00000012   Code   RO         8220    i.rt_list_remove    object.o
    0x08005178   0x08005178   0x00000012   Code   RO         8382    i.rt_list_remove    thread.o
    0x0800518a   0x0800518a   0x00000012   Code   RO         8516    i.rt_list_remove    timer.o
    0x0800519c   0x0800519c   0x0000016c   Code   RO         8144    i.rt_malloc         mem.o
    0x08005308   0x08005308   0x00000042   Code   RO         7974    i.rt_memmove        kservice.o
    0x0800534a   0x0800534a   0x00000048   Code   RO         7975    i.rt_memset         kservice.o
    0x08005392   0x08005392   0x00000054   Code   RO         8221    i.rt_object_allocate  object.o
    0x080053e6   0x080053e6   0x00000024   Code   RO         8222    i.rt_object_delete  object.o
    0x0800540a   0x0800540a   0x0000001e   Code   RO         8223    i.rt_object_detach  object.o
    0x08005428   0x08005428   0x00000028   Code   RO         8225    i.rt_object_get_information  object.o
    0x08005450   0x08005450   0x00000056   Code   RO         8229    i.rt_object_init    object.o
    0x080054a6   0x080054a6   0x00000012   Code   RO         8230    i.rt_object_is_systemobject  object.o
    0x080054b8   0x080054b8   0x00000010   Code   RO         7517    i.rt_os_tick_callback  board.o
    0x080054c8   0x080054c8   0x00000084   Code   RO         8310    i.rt_schedule       scheduler.o
    0x0800554c   0x0800554c   0x00000050   Code   RO         8311    i.rt_schedule_insert_thread  scheduler.o
    0x0800559c   0x0800559c   0x00000054   Code   RO         8312    i.rt_schedule_remove_thread  scheduler.o
    0x080055f0   0x080055f0   0x00000036   Code   RO         7811    i.rt_sem_control    ipc.o
    0x08005626   0x08005626   0x00000026   Code   RO         7815    i.rt_sem_init       ipc.o
    0x0800564c   0x0800564c   0x00000052   Code   RO         7816    i.rt_sem_release    ipc.o
    0x0800569e   0x0800569e   0x00000074   Code   RO         7817    i.rt_sem_take       ipc.o
    0x08005712   0x08005712   0x00000002   PAD
    0x08005714   0x08005714   0x000000b0   Code   RO         7977    i.rt_show_version   kservice.o
    0x080057c4   0x080057c4   0x000000bc   Code   RO         8517    i.rt_soft_timer_check  timer.o
    0x08005880   0x08005880   0x00000012   Code   RO         7983    i.rt_strlen         kservice.o
    0x08005892   0x08005892   0x00000034   Code   RO         7985    i.rt_strncpy        kservice.o
    0x080058c6   0x080058c6   0x00000002   PAD
    0x080058c8   0x080058c8   0x000000f8   Code   RO         8147    i.rt_system_heap_init  mem.o
    0x080059c0   0x080059c0   0x0000004c   Code   RO         8313    i.rt_system_scheduler_init  scheduler.o
    0x08005a0c   0x08005a0c   0x00000030   Code   RO         8314    i.rt_system_scheduler_start  scheduler.o
    0x08005a3c   0x08005a3c   0x0000001c   Code   RO         8518    i.rt_system_timer_init  timer.o
    0x08005a58   0x08005a58   0x00000054   Code   RO         8519    i.rt_system_timer_thread_init  timer.o
    0x08005aac   0x08005aac   0x00000050   Code   RO         8384    i.rt_thread_create  thread.o
    0x08005afc   0x08005afc   0x0000000c   Code   RO         8385    i.rt_thread_delay   thread.o
    0x08005b08   0x08005b08   0x00000058   Code   RO         8389    i.rt_thread_exit    thread.o
    0x08005b60   0x08005b60   0x00000008   Code   RO         7761    i.rt_thread_idle_entry  idle.o
    0x08005b68   0x08005b68   0x00000060   Code   RO         7762    i.rt_thread_idle_excute  idle.o
    0x08005bc8   0x08005bc8   0x0000003c   Code   RO         7764    i.rt_thread_idle_init  idle.o
    0x08005c04   0x08005c04   0x00000034   Code   RO         8391    i.rt_thread_init    thread.o
    0x08005c38   0x08005c38   0x00000014   Code   RO         8392    i.rt_thread_mdelay  thread.o
    0x08005c4c   0x08005c4c   0x0000003c   Code   RO         8393    i.rt_thread_resume  thread.o
    0x08005c88   0x08005c88   0x0000000c   Code   RO         8394    i.rt_thread_self    thread.o
    0x08005c94   0x08005c94   0x00000044   Code   RO         8395    i.rt_thread_sleep   thread.o
    0x08005cd8   0x08005cd8   0x0000002c   Code   RO         8396    i.rt_thread_startup  thread.o
    0x08005d04   0x08005d04   0x00000044   Code   RO         8397    i.rt_thread_suspend  thread.o
    0x08005d48   0x08005d48   0x00000020   Code   RO         8398    i.rt_thread_timeout  thread.o
    0x08005d68   0x08005d68   0x00000044   Code   RO         8520    i.rt_thread_timer_entry  timer.o
    0x08005dac   0x08005dac   0x00000064   Code   RO         8399    i.rt_thread_yield   thread.o
    0x08005e10   0x08005e10   0x00000038   Code   RO         7584    i.rt_tick_from_millisecond  clock.o
    0x08005e48   0x08005e48   0x0000000c   Code   RO         7585    i.rt_tick_get       clock.o
    0x08005e54   0x08005e54   0x00000030   Code   RO         7586    i.rt_tick_increase  clock.o
    0x08005e84   0x08005e84   0x000000a4   Code   RO         8521    i.rt_timer_check    timer.o
    0x08005f28   0x08005f28   0x00000062   Code   RO         8522    i.rt_timer_control  timer.o
    0x08005f8a   0x08005f8a   0x00000028   Code   RO         8525    i.rt_timer_detach   timer.o
    0x08005fb2   0x08005fb2   0x0000002e   Code   RO         8526    i.rt_timer_init     timer.o
    0x08005fe0   0x08005fe0   0x0000002c   Code   RO         8527    i.rt_timer_list_next_timeout  timer.o
    0x0800600c   0x0800600c   0x0000012c   Code   RO         8529    i.rt_timer_start    timer.o
    0x08006138   0x08006138   0x00000030   Code   RO         8530    i.rt_timer_stop     timer.o
    0x08006168   0x08006168   0x00000340   Code   RO         7988    i.rt_vsnprintf      kservice.o
    0x080064a8   0x080064a8   0x00000004   Code   RO         7626    i.rti_board_end     components.o
    0x080064ac   0x080064ac   0x00000004   Code   RO         7627    i.rti_board_start   components.o
    0x080064b0   0x080064b0   0x00000004   Code   RO         7628    i.rti_end           components.o
    0x080064b4   0x080064b4   0x00000004   Code   RO         7629    i.rti_start         components.o
    0x080064b8   0x080064b8   0x0000002a   Code   RO         7630    i.rtthread_startup  components.o
    0x080064e2   0x080064e2   0x00000002   PAD
    0x080064e4   0x080064e4   0x000000f0   Code   RO          355    i.scs_thread_init   thread_entry.o
    0x080065d4   0x080065d4   0x00000038   Code   RO         8832    i.shell_auto_complete  shell.o
    0x0800660c   0x0800660c   0x00000030   Code   RO         8646    i.show_wait_queue   cmd.o
    0x0800663c   0x0800663c   0x00000026   Code   RO         7990    i.skip_atoi         kservice.o
    0x08006662   0x08006662   0x00000020   Code   RO         8758    i.str_common        msh.o
    0x08006682   0x08006682   0x0000000a   Code   RO         7518    i.uart_init         board.o
    0x0800668c   0x0800668c   0x000000e8   Code   RO         7710    i.usage_fault_track  cpuport.o
    0x08006774   0x08006774   0x0000000a   Code   RO         8647    i.version           cmd.o
    0x0800677e   0x0800677e   0x00000002   PAD
    0x08006780   0x08006780   0x0000048c   Code   RO          592    i.wifi_get_cfg      app_wifi.o
    0x08006c0c   0x08006c0c   0x000000b0   Code   RO          593    i.wifi_thread_entry  app_wifi.o
    0x08006cbc   0x08006cbc   0x00000068   Data   RO          595    .constdata          app_wifi.o
    0x08006d24   0x08006d24   0x00000122   Data   RO         7992    .constdata          kservice.o
    0x08006e46   0x08006e46   0x00000002   PAD
    0x08006e48   0x08006e48   0x00000044   Data   RO         8648    .conststring        cmd.o
    0x08006e8c   0x08006e8c   0x00000027   Data   RO         8150    .rodata.name        mem.o
    0x08006eb3   0x08006eb3   0x000001a7   Data   RO         8649    .rodata.name        cmd.o
    0x0800705a   0x0800705a   0x00000076   Data   RO         8759    .rodata.name        msh.o
    0x080070d0   0x080070d0   0x00000004   Data   RO         7631    .rti_fn.0           components.o
    0x080070d4   0x080070d4   0x00000004   Data   RO         7632    .rti_fn.0.end       components.o
    0x080070d8   0x080070d8   0x00000004   Data   RO         7520    .rti_fn.1           board.o
    0x080070dc   0x080070dc   0x00000004   Data   RO         7633    .rti_fn.1.end       components.o
    0x080070e0   0x080070e0   0x00000004   Data   RO         8835    .rti_fn.6           shell.o
    0x080070e4   0x080070e4   0x00000004   Data   RO         7634    .rti_fn.6.end       components.o
    0x080070e8   0x080070e8   0x0000000c   Data   RO         8151    FSymTab             mem.o
    0x080070f4   0x080070f4   0x00000090   Data   RO         8650    FSymTab             cmd.o
    0x08007184   0x08007184   0x00000024   Data   RO         8760    FSymTab             msh.o
    0x080071a8   0x080071a8   0x00000020   Data   RO         9248    Region$$Table       anon$$obj.o


    Execution Region RW_IRAM1 (Exec base: 0x20000000, Load base: 0x080071c8, Size: 0x00006c08, Max: 0x00020000, ABSOLUTE, COMPRESSED[0x00000058])

    Exec Addr    Load Addr    Size         Type   Attr      Idx    E Section Name        Object

    0x20000000   COMPRESSED   0x0000010e   Data   RW          596    .data               app_wifi.o
    0x2000010e   COMPRESSED   0x00000002   PAD
    0x20000110   COMPRESSED   0x00000004   Data   RW          718    .data               debug_uart.o
    0x20000114   COMPRESSED   0x00000010   Data   RW         5245    .data               stm32f4xx_rcc.o
    0x20000124   COMPRESSED   0x00000014   Data   RW         7466    .data               system_stm32f4xx.o
    0x20000138   COMPRESSED   0x00000004   Data   RW         7588    .data               clock.o
    0x2000013c   COMPRESSED   0x00000010   Data   RW         7711    .data               cpuport.o
    0x2000014c   COMPRESSED   0x00000001   Data   RW         7939    .data               irq.o
    0x2000014d   COMPRESSED   0x00000003   PAD
    0x20000150   COMPRESSED   0x00000018   Data   RW         8149    .data               mem.o
    0x20000168   COMPRESSED   0x00000040   Data   RW         8232    .data               object.o
    0x200001a8   COMPRESSED   0x00000018   Data   RW         8316    .data               scheduler.o
    0x200001c0   COMPRESSED   0x00000018   Data   RW         8532    .data               timer.o
    0x200001d8   COMPRESSED   0x00000018   Data   RW         8834    .data               shell.o
    0x200001f0        -       0x000004e0   Zero   RW            6    .bss                main.o
    0x200006d0        -       0x00002d24   Zero   RW          358    .bss                thread_entry.o
    0x200033f4        -       0x00000028   Zero   RW          407    .bss                app_key.o
    0x2000341c        -       0x00000100   Zero   RW          594    .bss                app_wifi.o
    0x2000351c        -       0x00000210   Zero   RW          717    .bss                debug_uart.o
    0x2000372c        -       0x000011a0   Zero   RW         1718    .bss                bsp_uart.o
    0x200048cc        -       0x00001000   Zero   RW         7519    .bss                board.o
    0x200058cc        -       0x00000188   Zero   RW         7765    .bss                idle.o
    0x20005a54        -       0x00000200   Zero   RW         7991    .bss                kservice.o
    0x20005c54        -       0x00000028   Zero   RW         8148    .bss                mem.o
    0x20005c7c        -       0x00000100   Zero   RW         8315    .bss                scheduler.o
    0x20005d7c        -       0x00000888   Zero   RW         8531    .bss                timer.o
    0x20006604        -       0x00000201   Zero   RW         8833    .bss                shell.o
    0x20006805   COMPRESSED   0x00000003   PAD
    0x20006808        -       0x00000400   Zero   RW         7501    STACK               startup_stm32f446xx.o


==============================================================================

Image component sizes


      Code (inc. data)   RO Data    RW Data    ZI Data      Debug   Object Name

        18          0          0          0          0        491   app_adc.o
       132         36          0          0         40        749   app_key.o
      3420       1314        104        270        256      11193   app_wifi.o
       252         22          4          0       4096      31133   board.o
        44         20          0          0          0        479   bsp_codec.o
       716         22          0          0          0       1921   bsp_gpio.o
       632         92          0          0          0       3485   bsp_iadc.o
       196         24          0          0          0       1207   bsp_idac.o
        28          4          0          0          0        462   bsp_timer.o
       472         24          0          0       4512       5503   bsp_uart.o
       116         12          0          4          0       1664   clock.o
      1932        656        635          0          0      14625   cmd.o
       186         30         16          0          0       5540   components.o
       308         26          0          0          0        768   context_rvds.o
      1480        738          0         16          0       5882   cpuport.o
       324         28          0          4        528     281236   debug_uart.o
        60          4          0          0          0        568   finsh_port.o
       164         26          0          0        392       4866   idle.o
       522          0          0          0          0       9382   ipc.o
        64         12          0          1          0       1434   irq.o
      1794        166        290          0        512       9237   kservice.o
       100         10          0          0       1248      51541   main.o
      1110        310         51         24         40       5011   mem.o
       140         24          0          0          0       1451   misc.o
       898        162        154          0          0       8168   msh.o
       326          4          0         64          0       7952   object.o
       526         90          0         24        256       8130   scheduler.o
      1356        154          4         24        513      10476   shell.o
        36          8        452          0       1024        880   startup_stm32f446xx.o
       394         24          0          0          0       5827   stm32f4xx_adc.o
       124         18          0          0          0       2323   stm32f4xx_dac.o
       184         16          0          0          0       1984   stm32f4xx_exti.o
       248          0          0          0          0       3881   stm32f4xx_gpio.o
        18          0          0          0          0       2615   stm32f4xx_it.o
       584         40          0         16          0       5096   stm32f4xx_rcc.o
        64          4          0          0          0        624   stm32f4xx_syscfg.o
       486          8          0          0          0       6417   stm32f4xx_usart.o
       400        136          0          0          0      27694   sys.o
       676         52          0         20          0       2425   system_stm32f4xx.o
       832         38          0          0          0      12586   thread.o
       528        162          0          0      11556       2768   thread_entry.o
      1256         76          0         24       2184      13330   timer.o

    ----------------------------------------------------------------------
     23180       4592       1744        496      27160     573004   Object Totals
         0          0         32          0          0          0   (incl. Generated)
        34          0          2          5          3          0   (incl. Padding)

    ----------------------------------------------------------------------

      Code (inc. data)   RO Data    RW Data    ZI Data      Debug   Library Member Name

        86          0          0          0          0          0   __dczerorl2.o
         0          0          0          0          0          0   entry.o
         0          0          0          0          0          0   entry10a.o
         0          0          0          0          0          0   entry11a.o
         4          0          0          0          0          0   entry12b.o
         8          4          0          0          0          0   entry2.o
         4          0          0          0          0          0   entry5.o
         0          0          0          0          0          0   entry7b.o
         0          0          0          0          0          0   entry8b.o
         8          4          0          0          0          0   entry9a.o
        30          0          0          0          0          0   handlers.o
        36          8          0          0          0         68   init.o
         0          0          0          0          0          0   iusefp.o
        30          0          0          0          0         68   llshl.o
        36          0          0          0          0         68   llsshr.o
        32          0          0          0          0         68   llushr.o
        36          0          0          0          0         68   memcpya.o
        36          0          0          0          0        108   memseta.o
      2268         96          0          0          0        616   printfa.o
        24          0          0          0          0         68   strcat.o
        18          0          0          0          0         68   strcpy.o
        14          0          0          0          0         68   strlen.o
        30          0          0          0          0         80   strncmp.o
        24          0          0          0          0         76   strncpy.o
        36          0          0          0          0         80   strstr.o
        44          0          0          0          0         80   uidiv.o
        98          0          0          0          0         92   uldiv.o
        48          0          0          0          0         68   cdrcmple.o
        56          0          0          0          0         88   d2f.o
       334          0          0          0          0        148   dadd.o
       222          0          0          0          0        100   ddiv.o
       186          0          0          0          0        176   depilogue.o
        48          0          0          0          0         68   dfixul.o
        26          0          0          0          0         76   dfltui.o
       228          0          0          0          0         96   dmul.o
        38          0          0          0          0         68   f2d.o
       110          0          0          0          0        168   fepilogue.o

    ----------------------------------------------------------------------
      4204        112          0          0          0       2732   Library Totals
         6          0          0          0          0          0   (incl. Padding)

    ----------------------------------------------------------------------

      Code (inc. data)   RO Data    RW Data    ZI Data      Debug   Library Name

      2902        112          0          0          0       1676   mc_w.l
      1296          0          0          0          0       1056   mf_w.l

    ----------------------------------------------------------------------
      4204        112          0          0          0       2732   Library Totals

    ----------------------------------------------------------------------

==============================================================================


      Code (inc. data)   RO Data    RW Data    ZI Data      Debug   

     27384       4704       1744        496      27160     551864   Grand Totals
     27384       4704       1744         88      27160     551864   ELF Image Totals (compressed)
     27384       4704       1744         88          0          0   ROM Totals

==============================================================================

    Total RO  Size (Code + RO Data)                29128 (  28.45kB)
    Total RW  Size (RW Data + ZI Data)             27656 (  27.01kB)
    Total ROM Size (Code + RO Data + RW Data)      29216 (  28.53kB)

==============================================================================

